{
  "version": "1.16.0",
  "artifacts": {
    "Tree": {
      "type": "cdk:tree",
      "properties": {
        "file": "tree.json"
      }
    },
    "liflig-incubator-gva-build": {
      "type": "aws:cloudformation:stack",
      "environment": "aws://923402097046/eu-central-1",
      "properties": {
        "templateFile": "liflig-incubator-gva-build.template.json"
      },
      "metadata": {
        "/liflig-incubator-gva-build": [
          {
            "type": "aws:cdk:stack-tags",
            "data": [
              {
                "Key": "StackName",
                "Value": "liflig-incubator-gva-build"
              },
              {
                "Key": "project",
                "Value": "git-visualized-activity"
              }
            ]
          }
        ],
        "/liflig-incubator-gva-build/EcrRepo/Resource": [
          {
            "type": "aws:cdk:logicalId",
            "data": "EcrRepoBB83A592"
          }
        ],
        "/liflig-incubator-gva-build/ReleasesBucket/Resource": [
          {
            "type": "aws:cdk:logicalId",
            "data": "ReleasesBucket37D32909"
          }
        ],
        "/liflig-incubator-gva-build/JenkinsRole/Resource": [
          {
            "type": "aws:cdk:logicalId",
            "data": "JenkinsRoleACE0E219"
          }
        ],
        "/liflig-incubator-gva-build/JenkinsRole/DefaultPolicy/Resource": [
          {
            "type": "aws:cdk:logicalId",
            "data": "JenkinsRoleDefaultPolicy74B054C5"
          }
        ]
      }
    },
    "liflig-incubator-gva-web": {
      "type": "aws:cloudformation:stack",
      "environment": "aws://001112238813/us-east-1",
      "properties": {
        "templateFile": "liflig-incubator-gva-web.template.json"
      },
      "metadata": {
        "/liflig-incubator-gva-web": [
          {
            "type": "aws:cdk:asset",
            "data": {
              "path": "asset.ab5d0eca1ab2c01ed1e974ca47be0d3bfcaa539624a55edc207b4e5fcb2b962d",
              "id": "ab5d0eca1ab2c01ed1e974ca47be0d3bfcaa539624a55edc207b4e5fcb2b962d",
              "packaging": "zip",
              "sourceHash": "ab5d0eca1ab2c01ed1e974ca47be0d3bfcaa539624a55edc207b4e5fcb2b962d",
              "s3BucketParameter": "AssetParametersab5d0eca1ab2c01ed1e974ca47be0d3bfcaa539624a55edc207b4e5fcb2b962dS3BucketC7297919",
              "s3KeyParameter": "AssetParametersab5d0eca1ab2c01ed1e974ca47be0d3bfcaa539624a55edc207b4e5fcb2b962dS3VersionKeyB950F80D",
              "artifactHashParameter": "AssetParametersab5d0eca1ab2c01ed1e974ca47be0d3bfcaa539624a55edc207b4e5fcb2b962dArtifactHash38E8AA2C"
            }
          },
          {
            "type": "aws:cdk:stack-tags",
            "data": [
              {
                "Key": "StackName",
                "Value": "liflig-incubator-gva-web"
              },
              {
                "Key": "project",
                "Value": "git-visualized-activity"
              }
            ]
          }
        ],
        "/liflig-incubator-gva-web/WebAuth/ServiceRole/Resource": [
          {
            "type": "aws:cdk:logicalId",
            "data": "WebAuthServiceRoleBA3FDD8F"
          }
        ],
        "/liflig-incubator-gva-web/WebAuth/ServiceRole/DefaultPolicy/Resource": [
          {
            "type": "aws:cdk:logicalId",
            "data": "WebAuthServiceRoleDefaultPolicy894ADDA0"
          }
        ],
        "/liflig-incubator-gva-web/WebAuth/Function/Resource": [
          {
            "type": "aws:cdk:logicalId",
            "data": "WebAuthFunction1AC74598"
          }
        ],
        "/liflig-incubator-gva-web/WebAuth/Version/Resource": [
          {
            "type": "aws:cdk:logicalId",
            "data": "WebAuthVersion1884DB50"
          }
        ],
        "/liflig-incubator-gva-web/AssetParameters/ab5d0eca1ab2c01ed1e974ca47be0d3bfcaa539624a55edc207b4e5fcb2b962d/S3Bucket": [
          {
            "type": "aws:cdk:logicalId",
            "data": "AssetParametersab5d0eca1ab2c01ed1e974ca47be0d3bfcaa539624a55edc207b4e5fcb2b962dS3BucketC7297919"
          }
        ],
        "/liflig-incubator-gva-web/AssetParameters/ab5d0eca1ab2c01ed1e974ca47be0d3bfcaa539624a55edc207b4e5fcb2b962d/S3VersionKey": [
          {
            "type": "aws:cdk:logicalId",
            "data": "AssetParametersab5d0eca1ab2c01ed1e974ca47be0d3bfcaa539624a55edc207b4e5fcb2b962dS3VersionKeyB950F80D"
          }
        ],
        "/liflig-incubator-gva-web/AssetParameters/ab5d0eca1ab2c01ed1e974ca47be0d3bfcaa539624a55edc207b4e5fcb2b962d/ArtifactHash": [
          {
            "type": "aws:cdk:logicalId",
            "data": "AssetParametersab5d0eca1ab2c01ed1e974ca47be0d3bfcaa539624a55edc207b4e5fcb2b962dArtifactHash38E8AA2C"
          }
        ],
        "/liflig-incubator-gva-web/WebBucket/Resource": [
          {
            "type": "aws:cdk:logicalId",
            "data": "WebBucket12880F5B"
          }
        ],
        "/liflig-incubator-gva-web/WebBucket/Policy/Resource": [
          {
            "type": "aws:cdk:logicalId",
            "data": "WebBucketPolicy95D08FAA"
          }
        ],
        "/liflig-incubator-gva-web/AccessIdentity/Resource": [
          {
            "type": "aws:cdk:logicalId",
            "data": "AccessIdentity369D113B"
          }
        ],
        "/liflig-incubator-gva-web/WebBucketNameParam/Resource": [
          {
            "type": "aws:cdk:logicalId",
            "data": "WebBucketNameParamB96AAA9E"
          }
        ],
        "/liflig-incubator-gva-web/Distribution/CFDistribution": [
          {
            "type": "aws:cdk:logicalId",
            "data": "DistributionCFDistribution882A7313"
          }
        ],
        "/liflig-incubator-gva-web/DistributionIdParam/Resource": [
          {
            "type": "aws:cdk:logicalId",
            "data": "DistributionIdParam86E45413"
          }
        ],
        "/liflig-incubator-gva-web/DnsRecord/Resource": [
          {
            "type": "aws:cdk:logicalId",
            "data": "DnsRecord68F7FB14"
          }
        ]
      }
    },
    "liflig-incubator-gva-web-deploy": {
      "type": "aws:cloudformation:stack",
      "environment": "aws://001112238813/eu-west-1",
      "properties": {
        "templateFile": "liflig-incubator-gva-web-deploy.template.json"
      },
      "metadata": {
        "/liflig-incubator-gva-web-deploy": [
          {
            "type": "aws:cdk:stack-tags",
            "data": [
              {
                "Key": "StackName",
                "Value": "liflig-incubator-gva-web-deploy"
              },
              {
                "Key": "project",
                "Value": "git-visualized-activity"
              }
            ]
          }
        ],
        "/liflig-incubator-gva-web-deploy/DeployFunction/ServiceRole/Resource": [
          {
            "type": "aws:cdk:logicalId",
            "data": "DeployFunctionServiceRole19D7D428"
          }
        ],
        "/liflig-incubator-gva-web-deploy/DeployFunction/ServiceRole/DefaultPolicy/Resource": [
          {
            "type": "aws:cdk:logicalId",
            "data": "DeployFunctionServiceRoleDefaultPolicy9EC84FE4"
          }
        ],
        "/liflig-incubator-gva-web-deploy/DeployFunction/Resource": [
          {
            "type": "aws:cdk:logicalId",
            "data": "DeployFunction787AD8CC"
          }
        ],
        "/liflig-incubator-gva-web-deploy/FunctionName/Resource": [
          {
            "type": "aws:cdk:logicalId",
            "data": "FunctionName5C9C16A7"
          }
        ]
      }
    },
    "liflig-incubator-gva-worker": {
      "type": "aws:cloudformation:stack",
      "environment": "aws://001112238813/eu-west-1",
      "properties": {
        "templateFile": "liflig-incubator-gva-worker.template.json"
      },
      "metadata": {
        "/liflig-incubator-gva-worker": [
          {
            "type": "aws:cdk:stack-tags",
            "data": [
              {
                "Key": "StackName",
                "Value": "liflig-incubator-gva-worker"
              },
              {
                "Key": "project",
                "Value": "git-visualized-activity"
              }
            ]
          }
        ],
        "/liflig-incubator-gva-worker/Cluster/Resource": [
          {
            "type": "aws:cdk:logicalId",
            "data": "ClusterEB0386A7"
          }
        ],
        "/liflig-incubator-gva-worker/LogGroup/Resource": [
          {
            "type": "aws:cdk:logicalId",
            "data": "LogGroupF5B46931"
          }
        ],
        "/liflig-incubator-gva-worker/TaskDef/TaskRole/Resource": [
          {
            "type": "aws:cdk:logicalId",
            "data": "TaskDefTaskRole1EDB4A67"
          }
        ],
        "/liflig-incubator-gva-worker/TaskDef/TaskRole/DefaultPolicy/Resource": [
          {
            "type": "aws:cdk:logicalId",
            "data": "TaskDefTaskRoleDefaultPolicyA592CB18"
          }
        ],
        "/liflig-incubator-gva-worker/TaskDef/Resource": [
          {
            "type": "aws:cdk:logicalId",
            "data": "TaskDef54694570"
          }
        ],
        "/liflig-incubator-gva-worker/TaskDef/ExecutionRole/Resource": [
          {
            "type": "aws:cdk:logicalId",
            "data": "TaskDefExecutionRoleB4775C97"
          }
        ],
        "/liflig-incubator-gva-worker/TaskDef/ExecutionRole/DefaultPolicy/Resource": [
          {
            "type": "aws:cdk:logicalId",
            "data": "TaskDefExecutionRoleDefaultPolicy0DBB737A"
          }
        ],
        "/liflig-incubator-gva-worker/TaskDef/EventsRole/Resource": [
          {
            "type": "aws:cdk:logicalId",
            "data": "TaskDefEventsRoleFB3B67B8"
          }
        ],
        "/liflig-incubator-gva-worker/TaskDef/EventsRole/DefaultPolicy/Resource": [
          {
            "type": "aws:cdk:logicalId",
            "data": "TaskDefEventsRoleDefaultPolicyA124E85B"
          }
        ],
        "/liflig-incubator-gva-worker/SecurityGroup/Resource": [
          {
            "type": "aws:cdk:logicalId",
            "data": "SecurityGroupDD263621"
          }
        ],
        "/liflig-incubator-gva-worker/ScheduleRule/Resource": [
          {
            "type": "aws:cdk:logicalId",
            "data": "ScheduleRuleDA5BD877"
          }
        ]
      }
    }
  },
  "runtime": {}
}