{
  "Resources": {
    "WebAuthServiceRoleBA3FDD8F": {
      "Type": "AWS::IAM::Role",
      "Properties": {
        "AssumeRolePolicyDocument": {
          "Statement": [
            {
              "Action": "sts:AssumeRole",
              "Effect": "Allow",
              "Principal": {
                "Service": [
                  "lambda.amazonaws.com",
                  "edgelambda.amazonaws.com"
                ]
              }
            }
          ],
          "Version": "2012-10-17"
        },
        "ManagedPolicyArns": [
          {
            "Fn::Join": [
              "",
              [
                "arn:",
                {
                  "Ref": "AWS::Partition"
                },
                ":iam::aws:policy/service-role/AWSLambdaBasicExecutionRole"
              ]
            ]
          }
        ],
        "Tags": [
          {
            "Key": "Project",
            "Value": "git-visualized-activity"
          },
          {
            "Key": "SourceRepo",
            "Value": "github/capraconsulting/git-visualized-activity-infra"
          },
          {
            "Key": "StackName",
            "Value": "incub-gva-web-edge"
          }
        ]
      },
      "Metadata": {
        "aws:cdk:path": "incub-gva-web-edge/WebAuth/ServiceRole/Resource"
      }
    },
    "WebAuthServiceRoleDefaultPolicy894ADDA0": {
      "Type": "AWS::IAM::Policy",
      "Properties": {
        "PolicyDocument": {
          "Statement": [
            {
              "Action": "ssm:GetParameters",
              "Effect": "Allow",
              "Resource": [
                {
                  "Fn::Join": [
                    "",
                    [
                      "arn:",
                      {
                        "Ref": "AWS::Partition"
                      },
                      ":ssm:eu-west-1:001112238813:parameter/incub-gva-web/basicauth-username"
                    ]
                  ]
                },
                {
                  "Fn::Join": [
                    "",
                    [
                      "arn:",
                      {
                        "Ref": "AWS::Partition"
                      },
                      ":ssm:eu-west-1:001112238813:parameter/incub-gva-web/basicauth-password"
                    ]
                  ]
                }
              ]
            }
          ],
          "Version": "2012-10-17"
        },
        "PolicyName": "WebAuthServiceRoleDefaultPolicy894ADDA0",
        "Roles": [
          {
            "Ref": "WebAuthServiceRoleBA3FDD8F"
          }
        ]
      },
      "Metadata": {
        "aws:cdk:path": "incub-gva-web-edge/WebAuth/ServiceRole/DefaultPolicy/Resource"
      }
    },
    "WebAuthFunction1AC74598": {
      "Type": "AWS::Lambda::Function",
      "Properties": {
        "Code": {
          "S3Bucket": {
            "Ref": "AssetParameters0ab80c574ea4fb5e35d4db97e15803b9246b9cfe07106183207879f58451e01aS3BucketFD3B41B7"
          },
          "S3Key": {
            "Fn::Join": [
              "",
              [
                {
                  "Fn::Select": [
                    0,
                    {
                      "Fn::Split": [
                        "||",
                        {
                          "Ref": "AssetParameters0ab80c574ea4fb5e35d4db97e15803b9246b9cfe07106183207879f58451e01aS3VersionKey9400EC25"
                        }
                      ]
                    }
                  ]
                },
                {
                  "Fn::Select": [
                    1,
                    {
                      "Fn::Split": [
                        "||",
                        {
                          "Ref": "AssetParameters0ab80c574ea4fb5e35d4db97e15803b9246b9cfe07106183207879f58451e01aS3VersionKey9400EC25"
                        }
                      ]
                    }
                  ]
                }
              ]
            ]
          }
        },
        "Handler": "index.handler",
        "Role": {
          "Fn::GetAtt": [
            "WebAuthServiceRoleBA3FDD8F",
            "Arn"
          ]
        },
        "Runtime": "nodejs12.x",
        "Tags": [
          {
            "Key": "Project",
            "Value": "git-visualized-activity"
          },
          {
            "Key": "SourceRepo",
            "Value": "github/capraconsulting/git-visualized-activity-infra"
          },
          {
            "Key": "StackName",
            "Value": "incub-gva-web-edge"
          }
        ]
      },
      "DependsOn": [
        "WebAuthServiceRoleDefaultPolicy894ADDA0",
        "WebAuthServiceRoleBA3FDD8F"
      ],
      "Metadata": {
        "aws:cdk:path": "incub-gva-web-edge/WebAuth/Function/Resource",
        "aws:asset:path": "asset.0ab80c574ea4fb5e35d4db97e15803b9246b9cfe07106183207879f58451e01a",
        "aws:asset:property": "Code"
      }
    },
    "WebAuthFunctionCurrentVersion0429D26B8379afc1a08a1cade9e6aff9f4bc6b9d": {
      "Type": "AWS::Lambda::Version",
      "Properties": {
        "FunctionName": {
          "Ref": "WebAuthFunction1AC74598"
        }
      },
      "Metadata": {
        "aws:cdk:path": "incub-gva-web-edge/WebAuth/Function/CurrentVersion/Resource"
      }
    },
    "VersionParam713F6FBC": {
      "Type": "AWS::SSM::Parameter",
      "Properties": {
        "Type": "String",
        "Value": {
          "Ref": "WebAuthFunctionCurrentVersion0429D26B8379afc1a08a1cade9e6aff9f4bc6b9d"
        },
        "Name": "/cf/stack/incub-gva-web-edge/web-auth-lambda-version-arn",
        "Tags": {
          "Project": "git-visualized-activity",
          "SourceRepo": "github/capraconsulting/git-visualized-activity-infra",
          "StackName": "incub-gva-web-edge"
        }
      },
      "Metadata": {
        "aws:cdk:path": "incub-gva-web-edge/VersionParam/Resource"
      }
    }
  },
  "Parameters": {
    "AssetParameters0ab80c574ea4fb5e35d4db97e15803b9246b9cfe07106183207879f58451e01aS3BucketFD3B41B7": {
      "Type": "String",
      "Description": "S3 bucket for asset \"0ab80c574ea4fb5e35d4db97e15803b9246b9cfe07106183207879f58451e01a\""
    },
    "AssetParameters0ab80c574ea4fb5e35d4db97e15803b9246b9cfe07106183207879f58451e01aS3VersionKey9400EC25": {
      "Type": "String",
      "Description": "S3 key for asset version \"0ab80c574ea4fb5e35d4db97e15803b9246b9cfe07106183207879f58451e01a\""
    },
    "AssetParameters0ab80c574ea4fb5e35d4db97e15803b9246b9cfe07106183207879f58451e01aArtifactHash7A4FE544": {
      "Type": "String",
      "Description": "Artifact hash for asset \"0ab80c574ea4fb5e35d4db97e15803b9246b9cfe07106183207879f58451e01a\""
    }
  }
}