{
  "Resources": {
    "DistributionIdReader5A4D70A0": {
      "Type": "Custom::AWS",
      "Properties": {
        "ServiceToken": {
          "Fn::GetAtt": [
            "AWS679f53fac002430cb0da5b7982bd22872D164C4C",
            "Arn"
          ]
        },
        "Create": {
          "service": "SSM",
          "action": "getParameter",
          "parameters": {
            "Name": "/incub-gva/web-distribution-id"
          },
          "region": "us-east-1",
          "physicalResourceId": {
            "id": "snapshot-value"
          }
        },
        "Update": {
          "service": "SSM",
          "action": "getParameter",
          "parameters": {
            "Name": "/incub-gva/web-distribution-id"
          },
          "region": "us-east-1",
          "physicalResourceId": {
            "id": "snapshot-value"
          }
        }
      },
      "UpdateReplacePolicy": "Delete",
      "DeletionPolicy": "Delete",
      "Metadata": {
        "aws:cdk:path": "incub-gva-web-deploy/DistributionIdReader/Resource/Default"
      }
    },
    "AWS679f53fac002430cb0da5b7982bd2287ServiceRoleC1EA0FF2": {
      "Type": "AWS::IAM::Role",
      "Properties": {
        "AssumeRolePolicyDocument": {
          "Statement": [
            {
              "Action": "sts:AssumeRole",
              "Effect": "Allow",
              "Principal": {
                "Service": "lambda.amazonaws.com"
              }
            }
          ],
          "Version": "2012-10-17"
        },
        "ManagedPolicyArns": [
          {
            "Fn::Join": [
              "",
              [
                "arn:",
                {
                  "Ref": "AWS::Partition"
                },
                ":iam::aws:policy/service-role/AWSLambdaBasicExecutionRole"
              ]
            ]
          }
        ],
        "Tags": [
          {
            "Key": "Project",
            "Value": "git-visualized-activity"
          },
          {
            "Key": "SourceRepo",
            "Value": "github/capraconsulting/git-visualized-activity-infra"
          },
          {
            "Key": "StackName",
            "Value": "incub-gva-web-deploy"
          }
        ]
      },
      "Metadata": {
        "aws:cdk:path": "incub-gva-web-deploy/AWS679f53fac002430cb0da5b7982bd2287/ServiceRole/Resource"
      }
    },
    "AWS679f53fac002430cb0da5b7982bd2287ServiceRoleDefaultPolicyD28E1A5E": {
      "Type": "AWS::IAM::Policy",
      "Properties": {
        "PolicyDocument": {
          "Statement": [
            {
              "Action": "ssm:GetParameter",
              "Effect": "Allow",
              "Resource": {
                "Fn::Join": [
                  "",
                  [
                    "arn:",
                    {
                      "Ref": "AWS::Partition"
                    },
                    ":ssm:us-east-1:001112238813:parameter//incub-gva/web-distribution-id"
                  ]
                ]
              }
            }
          ],
          "Version": "2012-10-17"
        },
        "PolicyName": "AWS679f53fac002430cb0da5b7982bd2287ServiceRoleDefaultPolicyD28E1A5E",
        "Roles": [
          {
            "Ref": "AWS679f53fac002430cb0da5b7982bd2287ServiceRoleC1EA0FF2"
          }
        ]
      },
      "Metadata": {
        "aws:cdk:path": "incub-gva-web-deploy/AWS679f53fac002430cb0da5b7982bd2287/ServiceRole/DefaultPolicy/Resource"
      }
    },
    "AWS679f53fac002430cb0da5b7982bd22872D164C4C": {
      "Type": "AWS::Lambda::Function",
      "Properties": {
        "Code": {
          "S3Bucket": {
            "Ref": "AssetParametersf35d0a3ea655835ce2bf399c19e80a38397cebc9cff491b04a9312c92d338669S3Bucket536257BA"
          },
          "S3Key": {
            "Fn::Join": [
              "",
              [
                {
                  "Fn::Select": [
                    0,
                    {
                      "Fn::Split": [
                        "||",
                        {
                          "Ref": "AssetParametersf35d0a3ea655835ce2bf399c19e80a38397cebc9cff491b04a9312c92d338669S3VersionKeyC1EF3D23"
                        }
                      ]
                    }
                  ]
                },
                {
                  "Fn::Select": [
                    1,
                    {
                      "Fn::Split": [
                        "||",
                        {
                          "Ref": "AssetParametersf35d0a3ea655835ce2bf399c19e80a38397cebc9cff491b04a9312c92d338669S3VersionKeyC1EF3D23"
                        }
                      ]
                    }
                  ]
                }
              ]
            ]
          }
        },
        "Handler": "index.handler",
        "Role": {
          "Fn::GetAtt": [
            "AWS679f53fac002430cb0da5b7982bd2287ServiceRoleC1EA0FF2",
            "Arn"
          ]
        },
        "Runtime": "nodejs12.x",
        "Tags": [
          {
            "Key": "Project",
            "Value": "git-visualized-activity"
          },
          {
            "Key": "SourceRepo",
            "Value": "github/capraconsulting/git-visualized-activity-infra"
          },
          {
            "Key": "StackName",
            "Value": "incub-gva-web-deploy"
          }
        ],
        "Timeout": 120
      },
      "DependsOn": [
        "AWS679f53fac002430cb0da5b7982bd2287ServiceRoleDefaultPolicyD28E1A5E",
        "AWS679f53fac002430cb0da5b7982bd2287ServiceRoleC1EA0FF2"
      ],
      "Metadata": {
        "aws:cdk:path": "incub-gva-web-deploy/AWS679f53fac002430cb0da5b7982bd2287/Resource",
        "aws:asset:path": "asset.f35d0a3ea655835ce2bf399c19e80a38397cebc9cff491b04a9312c92d338669",
        "aws:asset:property": "Code"
      }
    },
    "WebappDeployRole6BC5D130": {
      "Type": "AWS::IAM::Role",
      "Properties": {
        "AssumeRolePolicyDocument": {
          "Statement": [
            {
              "Action": "sts:AssumeRole",
              "Effect": "Allow",
              "Principal": {
                "AWS": "arn:aws:iam::923402097046:role/buildtools-jenkins-RoleJenkinsSlave-JQGYHR5WE6C5"
              }
            }
          ],
          "Version": "2012-10-17"
        },
        "RoleName": "incub-gva-jenkins",
        "Tags": [
          {
            "Key": "Project",
            "Value": "git-visualized-activity"
          },
          {
            "Key": "SourceRepo",
            "Value": "github/capraconsulting/git-visualized-activity-infra"
          },
          {
            "Key": "StackName",
            "Value": "incub-gva-web-deploy"
          }
        ]
      },
      "Metadata": {
        "aws:cdk:path": "incub-gva-web-deploy/WebappDeploy/Role/Resource"
      }
    },
    "WebappDeployRoleDefaultPolicy4A1D7118": {
      "Type": "AWS::IAM::Policy",
      "Properties": {
        "PolicyDocument": {
          "Statement": [
            {
              "Action": [
                "ssm:DescribeParameters",
                "ssm:GetParameters",
                "ssm:GetParameter",
                "ssm:GetParameterHistory"
              ],
              "Effect": "Allow",
              "Resource": {
                "Fn::Join": [
                  "",
                  [
                    "arn:",
                    {
                      "Ref": "AWS::Partition"
                    },
                    ":ssm:eu-west-1:001112238813:parameter",
                    {
                      "Ref": "WebappDeployFunctionNameE84D8F0F"
                    }
                  ]
                ]
              }
            },
            {
              "Action": "lambda:InvokeFunction",
              "Effect": "Allow",
              "Resource": {
                "Fn::GetAtt": [
                  "WebappDeployDeployFunctionCB67CBAC",
                  "Arn"
                ]
              }
            }
          ],
          "Version": "2012-10-17"
        },
        "PolicyName": "WebappDeployRoleDefaultPolicy4A1D7118",
        "Roles": [
          {
            "Ref": "WebappDeployRole6BC5D130"
          }
        ]
      },
      "Metadata": {
        "aws:cdk:path": "incub-gva-web-deploy/WebappDeploy/Role/DefaultPolicy/Resource"
      }
    },
    "WebappDeployDeployFunctionServiceRole1AC692A1": {
      "Type": "AWS::IAM::Role",
      "Properties": {
        "AssumeRolePolicyDocument": {
          "Statement": [
            {
              "Action": "sts:AssumeRole",
              "Effect": "Allow",
              "Principal": {
                "Service": "lambda.amazonaws.com"
              }
            }
          ],
          "Version": "2012-10-17"
        },
        "ManagedPolicyArns": [
          {
            "Fn::Join": [
              "",
              [
                "arn:",
                {
                  "Ref": "AWS::Partition"
                },
                ":iam::aws:policy/service-role/AWSLambdaBasicExecutionRole"
              ]
            ]
          }
        ],
        "Tags": [
          {
            "Key": "Project",
            "Value": "git-visualized-activity"
          },
          {
            "Key": "SourceRepo",
            "Value": "github/capraconsulting/git-visualized-activity-infra"
          },
          {
            "Key": "StackName",
            "Value": "incub-gva-web-deploy"
          }
        ]
      },
      "Metadata": {
        "aws:cdk:path": "incub-gva-web-deploy/WebappDeploy/DeployFunction/ServiceRole/Resource"
      }
    },
    "WebappDeployDeployFunctionServiceRoleDefaultPolicy62314F91": {
      "Type": "AWS::IAM::Policy",
      "Properties": {
        "PolicyDocument": {
          "Statement": [
            {
              "Action": [
                "s3:HeadObject",
                "s3:GetObject"
              ],
              "Effect": "Allow",
              "Resource": {
                "Fn::Join": [
                  "",
                  [
                    "arn:",
                    {
                      "Ref": "AWS::Partition"
                    },
                    ":s3:::incub-common-build-artifacts-001112238813-eu-west-1/*"
                  ]
                ]
              }
            },
            {
              "Action": [
                "s3:PutObject",
                "s3:DeleteObject"
              ],
              "Effect": "Allow",
              "Resource": {
                "Fn::Join": [
                  "",
                  [
                    "arn:",
                    {
                      "Ref": "AWS::Partition"
                    },
                    ":s3:::incub-gva-web/web/*"
                  ]
                ]
              }
            },
            {
              "Action": [
                "s3:GetObject",
                "s3WebDeployStack:PutObject"
              ],
              "Effect": "Allow",
              "Resource": {
                "Fn::Join": [
                  "",
                  [
                    "arn:",
                    {
                      "Ref": "AWS::Partition"
                    },
                    ":s3:::incub-gva-web/deployments.log"
                  ]
                ]
              }
            },
            {
              "Action": "cloudfront:CreateInvalidation",
              "Effect": "Allow",
              "Resource": "*"
            }
          ],
          "Version": "2012-10-17"
        },
        "PolicyName": "WebappDeployDeployFunctionServiceRoleDefaultPolicy62314F91",
        "Roles": [
          {
            "Ref": "WebappDeployDeployFunctionServiceRole1AC692A1"
          }
        ]
      },
      "Metadata": {
        "aws:cdk:path": "incub-gva-web-deploy/WebappDeploy/DeployFunction/ServiceRole/DefaultPolicy/Resource"
      }
    },
    "WebappDeployDeployFunctionCB67CBAC": {
      "Type": "AWS::Lambda::Function",
      "Properties": {
        "Code": {
          "S3Bucket": "capra-webapp-deploy-lambda-releases",
          "S3Key": "release-0.2.2.zip"
        },
        "Handler": "webapp_deploy.main.handler",
        "Role": {
          "Fn::GetAtt": [
            "WebappDeployDeployFunctionServiceRole1AC692A1",
            "Arn"
          ]
        },
        "Runtime": "python3.7",
        "Environment": {
          "Variables": {
            "TARGET_BUCKET_URL": "s3://incub-gva-web/web",
            "DEPLOY_LOG_BUCKET_URL": "s3://incub-gva-web/deployments.log",
            "CF_DISTRIBUTION_ID": {
              "Fn::GetAtt": [
                "DistributionIdReader5A4D70A0",
                "Parameter.Value"
              ]
            }
          }
        },
        "ReservedConcurrentExecutions": 1,
        "Tags": [
          {
            "Key": "Project",
            "Value": "git-visualized-activity"
          },
          {
            "Key": "SourceRepo",
            "Value": "github/capraconsulting/git-visualized-activity-infra"
          },
          {
            "Key": "StackName",
            "Value": "incub-gva-web-deploy"
          }
        ],
        "Timeout": 120
      },
      "DependsOn": [
        "WebappDeployDeployFunctionServiceRoleDefaultPolicy62314F91",
        "WebappDeployDeployFunctionServiceRole1AC692A1"
      ],
      "Metadata": {
        "aws:cdk:path": "incub-gva-web-deploy/WebappDeploy/DeployFunction/Resource"
      }
    },
    "WebappDeployFunctionNameE84D8F0F": {
      "Type": "AWS::SSM::Parameter",
      "Properties": {
        "Type": "String",
        "Value": {
          "Ref": "WebappDeployDeployFunctionCB67CBAC"
        },
        "Name": "/incub-gva/deploy-fn-name",
        "Tags": {
          "Project": "git-visualized-activity",
          "SourceRepo": "github/capraconsulting/git-visualized-activity-infra",
          "StackName": "incub-gva-web-deploy"
        }
      },
      "Metadata": {
        "aws:cdk:path": "incub-gva-web-deploy/WebappDeploy/FunctionName/Resource"
      }
    }
  },
  "Parameters": {
    "AssetParametersf35d0a3ea655835ce2bf399c19e80a38397cebc9cff491b04a9312c92d338669S3Bucket536257BA": {
      "Type": "String",
      "Description": "S3 bucket for asset \"f35d0a3ea655835ce2bf399c19e80a38397cebc9cff491b04a9312c92d338669\""
    },
    "AssetParametersf35d0a3ea655835ce2bf399c19e80a38397cebc9cff491b04a9312c92d338669S3VersionKeyC1EF3D23": {
      "Type": "String",
      "Description": "S3 key for asset version \"f35d0a3ea655835ce2bf399c19e80a38397cebc9cff491b04a9312c92d338669\""
    },
    "AssetParametersf35d0a3ea655835ce2bf399c19e80a38397cebc9cff491b04a9312c92d338669ArtifactHash2C09C7CA": {
      "Type": "String",
      "Description": "Artifact hash for asset \"f35d0a3ea655835ce2bf399c19e80a38397cebc9cff491b04a9312c92d338669\""
    }
  }
}