{
  "Resources": {
    "WebAuthServiceRoleBA3FDD8F": {
      "Type": "AWS::IAM::Role",
      "Properties": {
        "AssumeRolePolicyDocument": {
          "Statement": [
            {
              "Action": "sts:AssumeRole",
              "Effect": "Allow",
              "Principal": {
                "Service": [
                  "lambda.amazonaws.com",
                  "edgelambda.amazonaws.com"
                ]
              }
            },
            {
              "Action": "sts:AssumeRole",
              "Effect": "Allow",
              "Principal": {
                "Service": "edgelambda.amazonaws.com"
              }
            }
          ],
          "Version": "2012-10-17"
        },
        "ManagedPolicyArns": [
          {
            "Fn::Join": [
              "",
              [
                "arn:",
                {
                  "Ref": "AWS::Partition"
                },
                ":iam::aws:policy/service-role/AWSLambdaBasicExecutionRole"
              ]
            ]
          }
        ],
        "Tags": [
          {
            "Key": "Project",
            "Value": "git-visualized-activity"
          },
          {
            "Key": "SourceRepo",
            "Value": "github/capraconsulting/git-visualized-activity-infra"
          },
          {
            "Key": "StackName",
            "Value": "incub-gva-web"
          }
        ]
      },
      "Metadata": {
        "aws:cdk:path": "incub-gva-web/WebAuth/ServiceRole/Resource"
      }
    },
    "WebAuthServiceRoleDefaultPolicy894ADDA0": {
      "Type": "AWS::IAM::Policy",
      "Properties": {
        "PolicyDocument": {
          "Statement": [
            {
              "Action": "ssm:GetParameters",
              "Effect": "Allow",
              "Resource": [
                {
                  "Fn::Join": [
                    "",
                    [
                      "arn:",
                      {
                        "Ref": "AWS::Partition"
                      },
                      ":ssm:eu-west-1:001112238813:parameter//incub-gva-web/basicauth-username"
                    ]
                  ]
                },
                {
                  "Fn::Join": [
                    "",
                    [
                      "arn:",
                      {
                        "Ref": "AWS::Partition"
                      },
                      ":ssm:eu-west-1:001112238813:parameter//incub-gva-web/basicauth-password"
                    ]
                  ]
                }
              ]
            }
          ],
          "Version": "2012-10-17"
        },
        "PolicyName": "WebAuthServiceRoleDefaultPolicy894ADDA0",
        "Roles": [
          {
            "Ref": "WebAuthServiceRoleBA3FDD8F"
          }
        ]
      },
      "Metadata": {
        "aws:cdk:path": "incub-gva-web/WebAuth/ServiceRole/DefaultPolicy/Resource"
      }
    },
    "WebAuthFunction1AC74598": {
      "Type": "AWS::Lambda::Function",
      "Properties": {
        "Code": {
          "S3Bucket": {
            "Ref": "AssetParameters0ab80c574ea4fb5e35d4db97e15803b9246b9cfe07106183207879f58451e01aS3BucketFD3B41B7"
          },
          "S3Key": {
            "Fn::Join": [
              "",
              [
                {
                  "Fn::Select": [
                    0,
                    {
                      "Fn::Split": [
                        "||",
                        {
                          "Ref": "AssetParameters0ab80c574ea4fb5e35d4db97e15803b9246b9cfe07106183207879f58451e01aS3VersionKey9400EC25"
                        }
                      ]
                    }
                  ]
                },
                {
                  "Fn::Select": [
                    1,
                    {
                      "Fn::Split": [
                        "||",
                        {
                          "Ref": "AssetParameters0ab80c574ea4fb5e35d4db97e15803b9246b9cfe07106183207879f58451e01aS3VersionKey9400EC25"
                        }
                      ]
                    }
                  ]
                }
              ]
            ]
          }
        },
        "Handler": "index.handler",
        "Role": {
          "Fn::GetAtt": [
            "WebAuthServiceRoleBA3FDD8F",
            "Arn"
          ]
        },
        "Runtime": "nodejs12.x",
        "Tags": [
          {
            "Key": "Project",
            "Value": "git-visualized-activity"
          },
          {
            "Key": "SourceRepo",
            "Value": "github/capraconsulting/git-visualized-activity-infra"
          },
          {
            "Key": "StackName",
            "Value": "incub-gva-web"
          }
        ]
      },
      "DependsOn": [
        "WebAuthServiceRoleDefaultPolicy894ADDA0",
        "WebAuthServiceRoleBA3FDD8F"
      ],
      "Metadata": {
        "aws:cdk:path": "incub-gva-web/WebAuth/Function/Resource",
        "aws:asset:path": "asset.0ab80c574ea4fb5e35d4db97e15803b9246b9cfe07106183207879f58451e01a",
        "aws:asset:property": "Code"
      }
    },
    "WebAuthVersion1884DB50": {
      "Type": "AWS::Lambda::Version",
      "Properties": {
        "FunctionName": {
          "Ref": "WebAuthFunction1AC74598"
        }
      },
      "Metadata": {
        "aws:cdk:path": "incub-gva-web/WebAuth/Version/Resource"
      }
    },
    "WebBucket12880F5B": {
      "Type": "AWS::S3::Bucket",
      "Properties": {
        "BucketEncryption": {
          "ServerSideEncryptionConfiguration": [
            {
              "ServerSideEncryptionByDefault": {
                "SSEAlgorithm": "AES256"
              }
            }
          ]
        },
        "BucketName": "incub-gva-web-001112238813-us-east-1",
        "Tags": [
          {
            "Key": "Project",
            "Value": "git-visualized-activity"
          },
          {
            "Key": "SourceRepo",
            "Value": "github/capraconsulting/git-visualized-activity-infra"
          },
          {
            "Key": "StackName",
            "Value": "incub-gva-web"
          }
        ]
      },
      "UpdateReplacePolicy": "Retain",
      "DeletionPolicy": "Retain",
      "Metadata": {
        "aws:cdk:path": "incub-gva-web/WebBucket/Resource"
      }
    },
    "WebBucketPolicy95D08FAA": {
      "Type": "AWS::S3::BucketPolicy",
      "Properties": {
        "Bucket": {
          "Ref": "WebBucket12880F5B"
        },
        "PolicyDocument": {
          "Statement": [
            {
              "Action": "s3:GetObject",
              "Effect": "Allow",
              "Principal": {
                "CanonicalUser": {
                  "Fn::GetAtt": [
                    "AccessIdentity369D113B",
                    "S3CanonicalUserId"
                  ]
                }
              },
              "Resource": [
                {
                  "Fn::Join": [
                    "",
                    [
                      {
                        "Fn::GetAtt": [
                          "WebBucket12880F5B",
                          "Arn"
                        ]
                      },
                      "/web/*"
                    ]
                  ]
                },
                {
                  "Fn::Join": [
                    "",
                    [
                      {
                        "Fn::GetAtt": [
                          "WebBucket12880F5B",
                          "Arn"
                        ]
                      },
                      "/data/*"
                    ]
                  ]
                }
              ]
            },
            {
              "Action": [
                "s3:GetObject*",
                "s3:GetBucket*",
                "s3:List*"
              ],
              "Effect": "Allow",
              "Principal": {
                "CanonicalUser": {
                  "Fn::GetAtt": [
                    "AccessIdentity369D113B",
                    "S3CanonicalUserId"
                  ]
                }
              },
              "Resource": [
                {
                  "Fn::GetAtt": [
                    "WebBucket12880F5B",
                    "Arn"
                  ]
                },
                {
                  "Fn::Join": [
                    "",
                    [
                      {
                        "Fn::GetAtt": [
                          "WebBucket12880F5B",
                          "Arn"
                        ]
                      },
                      "/*"
                    ]
                  ]
                }
              ]
            }
          ],
          "Version": "2012-10-17"
        }
      },
      "Metadata": {
        "aws:cdk:path": "incub-gva-web/WebBucket/Policy/Resource"
      }
    },
    "AccessIdentity369D113B": {
      "Type": "AWS::CloudFront::CloudFrontOriginAccessIdentity",
      "Properties": {
        "CloudFrontOriginAccessIdentityConfig": {
          "Comment": "Allows CloudFront to reach the bucket"
        }
      },
      "Metadata": {
        "aws:cdk:path": "incub-gva-web/AccessIdentity/Resource"
      }
    },
    "DistributionCFDistribution882A7313": {
      "Type": "AWS::CloudFront::Distribution",
      "Properties": {
        "DistributionConfig": {
          "Aliases": [
            "gva.incubator.liflig.dev"
          ],
          "CacheBehaviors": [
            {
              "AllowedMethods": [
                "GET",
                "HEAD"
              ],
              "CachedMethods": [
                "GET",
                "HEAD"
              ],
              "Compress": true,
              "ForwardedValues": {
                "QueryString": false
              },
              "LambdaFunctionAssociations": [
                {
                  "EventType": "viewer-request",
                  "LambdaFunctionARN": {
                    "Ref": "WebAuthVersion1884DB50"
                  }
                }
              ],
              "PathPattern": "/data/*",
              "TargetOriginId": "origin2",
              "ViewerProtocolPolicy": "redirect-to-https"
            }
          ],
          "DefaultCacheBehavior": {
            "AllowedMethods": [
              "GET",
              "HEAD"
            ],
            "CachedMethods": [
              "GET",
              "HEAD"
            ],
            "Compress": true,
            "ForwardedValues": {
              "QueryString": false
            },
            "LambdaFunctionAssociations": [
              {
                "EventType": "viewer-request",
                "LambdaFunctionARN": {
                  "Ref": "WebAuthVersion1884DB50"
                }
              }
            ],
            "TargetOriginId": "origin1",
            "ViewerProtocolPolicy": "redirect-to-https"
          },
          "DefaultRootObject": "index.html",
          "Enabled": true,
          "HttpVersion": "http2",
          "IPV6Enabled": true,
          "Origins": [
            {
              "DomainName": {
                "Fn::GetAtt": [
                  "WebBucket12880F5B",
                  "RegionalDomainName"
                ]
              },
              "Id": "origin1",
              "OriginPath": "/web",
              "S3OriginConfig": {
                "OriginAccessIdentity": {
                  "Fn::Join": [
                    "",
                    [
                      "origin-access-identity/cloudfront/",
                      {
                        "Ref": "AccessIdentity369D113B"
                      }
                    ]
                  ]
                }
              }
            },
            {
              "DomainName": {
                "Fn::GetAtt": [
                  "WebBucket12880F5B",
                  "RegionalDomainName"
                ]
              },
              "Id": "origin2",
              "OriginPath": "",
              "S3OriginConfig": {
                "OriginAccessIdentity": {
                  "Fn::Join": [
                    "",
                    [
                      "origin-access-identity/cloudfront/",
                      {
                        "Ref": "AccessIdentity369D113B"
                      }
                    ]
                  ]
                }
              }
            }
          ],
          "PriceClass": "PriceClass_100",
          "ViewerCertificate": {
            "AcmCertificateArn": "arn:aws:acm:eu-west-1:001112238813:certificate/c25c1127-5901-43d4-aa6c-bebd8af4d4bb",
            "MinimumProtocolVersion": "TLSv1.2_2018",
            "SslSupportMethod": "sni-only"
          }
        },
        "Tags": [
          {
            "Key": "Project",
            "Value": "git-visualized-activity"
          },
          {
            "Key": "SourceRepo",
            "Value": "github/capraconsulting/git-visualized-activity-infra"
          },
          {
            "Key": "StackName",
            "Value": "incub-gva-web"
          }
        ]
      },
      "Metadata": {
        "aws:cdk:path": "incub-gva-web/Distribution/CFDistribution"
      }
    },
    "DistributionIdParam86E45413": {
      "Type": "AWS::SSM::Parameter",
      "Properties": {
        "Type": "String",
        "Value": {
          "Ref": "DistributionCFDistribution882A7313"
        },
        "Name": "/incub-gva/web-distribution-id",
        "Tags": {
          "Project": "git-visualized-activity",
          "SourceRepo": "github/capraconsulting/git-visualized-activity-infra",
          "StackName": "incub-gva-web"
        }
      },
      "Metadata": {
        "aws:cdk:path": "incub-gva-web/DistributionIdParam/Resource"
      }
    },
    "DnsRecord68F7FB14": {
      "Type": "AWS::Route53::RecordSet",
      "Properties": {
        "Name": "gva.incubator.liflig.dev.",
        "Type": "A",
        "AliasTarget": {
          "DNSName": {
            "Fn::GetAtt": [
              "DistributionCFDistribution882A7313",
              "DomainName"
            ]
          },
          "HostedZoneId": "Z2FDTNDATAQYW2"
        },
        "HostedZoneId": "Z07028931BZD2FT5LUHHH"
      },
      "Metadata": {
        "aws:cdk:path": "incub-gva-web/DnsRecord/Resource"
      }
    }
  },
  "Parameters": {
    "AssetParameters0ab80c574ea4fb5e35d4db97e15803b9246b9cfe07106183207879f58451e01aS3BucketFD3B41B7": {
      "Type": "String",
      "Description": "S3 bucket for asset \"0ab80c574ea4fb5e35d4db97e15803b9246b9cfe07106183207879f58451e01a\""
    },
    "AssetParameters0ab80c574ea4fb5e35d4db97e15803b9246b9cfe07106183207879f58451e01aS3VersionKey9400EC25": {
      "Type": "String",
      "Description": "S3 key for asset version \"0ab80c574ea4fb5e35d4db97e15803b9246b9cfe07106183207879f58451e01a\""
    },
    "AssetParameters0ab80c574ea4fb5e35d4db97e15803b9246b9cfe07106183207879f58451e01aArtifactHash7A4FE544": {
      "Type": "String",
      "Description": "Artifact hash for asset \"0ab80c574ea4fb5e35d4db97e15803b9246b9cfe07106183207879f58451e01a\""
    }
  }
}