{
  "Resources": {
    "Role1ABCC5F0": {
      "Type": "AWS::IAM::Role",
      "Properties": {
        "AssumeRolePolicyDocument": {
          "Statement": [
            {
              "Action": "sts:AssumeRole",
              "Effect": "Allow",
              "Principal": {
                "AWS": "arn:aws:iam::923402097046:role/buildtools-jenkins-RoleJenkinsSlave-JQGYHR5WE6C5"
              }
            }
          ],
          "Version": "2012-10-17"
        },
        "RoleName": "liflig-incubator-gva-jenkins",
        "Tags": [
          {
            "Key": "Project",
            "Value": "git-visualized-activity"
          },
          {
            "Key": "SourceRepo",
            "Value": "github/capraconsulting/git-visualized-activity-infra"
          },
          {
            "Key": "StackName",
            "Value": "liflig-incubator-gva-web-deploy"
          }
        ]
      },
      "Metadata": {
        "aws:cdk:path": "liflig-incubator-gva-web-deploy/Role/Resource"
      }
    },
    "RoleDefaultPolicy5FFB7DAB": {
      "Type": "AWS::IAM::Policy",
      "Properties": {
        "PolicyDocument": {
          "Statement": [
            {
              "Action": [
                "ssm:DescribeParameters",
                "ssm:GetParameters",
                "ssm:GetParameter",
                "ssm:GetParameterHistory"
              ],
              "Effect": "Allow",
              "Resource": {
                "Fn::Join": [
                  "",
                  [
                    "arn:",
                    {
                      "Ref": "AWS::Partition"
                    },
                    ":ssm:eu-west-1:001112238813:parameter",
                    {
                      "Ref": "FunctionName5C9C16A7"
                    }
                  ]
                ]
              }
            },
            {
              "Action": "lambda:InvokeFunction",
              "Effect": "Allow",
              "Resource": {
                "Fn::GetAtt": [
                  "DeployFunction787AD8CC",
                  "Arn"
                ]
              }
            }
          ],
          "Version": "2012-10-17"
        },
        "PolicyName": "RoleDefaultPolicy5FFB7DAB",
        "Roles": [
          {
            "Ref": "Role1ABCC5F0"
          }
        ]
      },
      "Metadata": {
        "aws:cdk:path": "liflig-incubator-gva-web-deploy/Role/DefaultPolicy/Resource"
      }
    },
    "DeployFunctionServiceRole19D7D428": {
      "Type": "AWS::IAM::Role",
      "Properties": {
        "AssumeRolePolicyDocument": {
          "Statement": [
            {
              "Action": "sts:AssumeRole",
              "Effect": "Allow",
              "Principal": {
                "Service": "lambda.amazonaws.com"
              }
            }
          ],
          "Version": "2012-10-17"
        },
        "ManagedPolicyArns": [
          {
            "Fn::Join": [
              "",
              [
                "arn:",
                {
                  "Ref": "AWS::Partition"
                },
                ":iam::aws:policy/service-role/AWSLambdaBasicExecutionRole"
              ]
            ]
          }
        ],
        "Tags": [
          {
            "Key": "Project",
            "Value": "git-visualized-activity"
          },
          {
            "Key": "SourceRepo",
            "Value": "github/capraconsulting/git-visualized-activity-infra"
          },
          {
            "Key": "StackName",
            "Value": "liflig-incubator-gva-web-deploy"
          }
        ]
      },
      "Metadata": {
        "aws:cdk:path": "liflig-incubator-gva-web-deploy/DeployFunction/ServiceRole/Resource"
      }
    },
    "DeployFunctionServiceRoleDefaultPolicy9EC84FE4": {
      "Type": "AWS::IAM::Policy",
      "Properties": {
        "PolicyDocument": {
          "Statement": [
            {
              "Action": [
                "s3:HeadObject",
                "s3:GetObject"
              ],
              "Effect": "Allow",
              "Resource": {
                "Fn::Join": [
                  "",
                  [
                    "arn:",
                    {
                      "Ref": "AWS::Partition"
                    },
                    ":s3:::incub-common-build-artifacts-001112238813-eu-west-1/*"
                  ]
                ]
              }
            },
            {
              "Action": [
                "s3:PutObject",
                "s3:DeleteObject"
              ],
              "Effect": "Allow",
              "Resource": {
                "Fn::Join": [
                  "",
                  [
                    "arn:",
                    {
                      "Ref": "AWS::Partition"
                    },
                    ":s3:::liflig-incubator-gva-web/web/*"
                  ]
                ]
              }
            },
            {
              "Action": [
                "s3:GetObject",
                "s3WebDeployStack:PutObject"
              ],
              "Effect": "Allow",
              "Resource": {
                "Fn::Join": [
                  "",
                  [
                    "arn:",
                    {
                      "Ref": "AWS::Partition"
                    },
                    ":s3:::liflig-incubator-gva-web/deployments.log"
                  ]
                ]
              }
            },
            {
              "Action": "cloudfront:CreateInvalidation",
              "Effect": "Allow",
              "Resource": "*"
            }
          ],
          "Version": "2012-10-17"
        },
        "PolicyName": "DeployFunctionServiceRoleDefaultPolicy9EC84FE4",
        "Roles": [
          {
            "Ref": "DeployFunctionServiceRole19D7D428"
          }
        ]
      },
      "Metadata": {
        "aws:cdk:path": "liflig-incubator-gva-web-deploy/DeployFunction/ServiceRole/DefaultPolicy/Resource"
      }
    },
    "DeployFunction787AD8CC": {
      "Type": "AWS::Lambda::Function",
      "Properties": {
        "Code": {
          "S3Bucket": "capra-webapp-deploy-lambda-releases",
          "S3Key": "release-0.1.0.zip"
        },
        "Handler": "webapp_deploy.main.handler",
        "Role": {
          "Fn::GetAtt": [
            "DeployFunctionServiceRole19D7D428",
            "Arn"
          ]
        },
        "Runtime": "python3.7",
        "Environment": {
          "Variables": {
            "TARGET_BUCKET_URL": "s3://liflig-incubator-gva-web/web",
            "DEPLOY_LOG_BUCKET_URL": "s3://liflig-incubator-gva-web/deployments.log",
            "CF_DISTRIBUTION_ID": "todo-not-resolved-yet"
          }
        },
        "ReservedConcurrentExecutions": 1,
        "Tags": [
          {
            "Key": "Project",
            "Value": "git-visualized-activity"
          },
          {
            "Key": "SourceRepo",
            "Value": "github/capraconsulting/git-visualized-activity-infra"
          },
          {
            "Key": "StackName",
            "Value": "liflig-incubator-gva-web-deploy"
          }
        ],
        "Timeout": 120
      },
      "DependsOn": [
        "DeployFunctionServiceRoleDefaultPolicy9EC84FE4",
        "DeployFunctionServiceRole19D7D428"
      ],
      "Metadata": {
        "aws:cdk:path": "liflig-incubator-gva-web-deploy/DeployFunction/Resource"
      }
    },
    "FunctionName5C9C16A7": {
      "Type": "AWS::SSM::Parameter",
      "Properties": {
        "Type": "String",
        "Value": {
          "Ref": "DeployFunction787AD8CC"
        },
        "Name": "/liflig-incubator-gva/deploy-fn-name",
        "Tags": {
          "Project": "git-visualized-activity",
          "SourceRepo": "github/capraconsulting/git-visualized-activity-infra",
          "StackName": "liflig-incubator-gva-web-deploy"
        }
      },
      "Metadata": {
        "aws:cdk:path": "liflig-incubator-gva-web-deploy/FunctionName/Resource"
      }
    }
  }
}