{
  "version": "4.0.0",
  "artifacts": {
    "Tree": {
      "type": "cdk:tree",
      "properties": {
        "file": "tree.json"
      }
    },
    "incub-gva-web-deploy": {
      "type": "aws:cloudformation:stack",
      "environment": "aws://001112238813/eu-west-1",
      "properties": {
        "templateFile": "incub-gva-web-deploy.template.json"
      },
      "metadata": {
        "/incub-gva-web-deploy": [
          {
            "type": "aws:cdk:stack-tags",
            "data": [
              {
                "Key": "Project",
                "Value": "git-visualized-activity"
              },
              {
                "Key": "SourceRepo",
                "Value": "github/capraconsulting/git-visualized-activity-infra"
              },
              {
                "Key": "StackName",
                "Value": "incub-gva-web-deploy"
              }
            ]
          }
        ],
        "/incub-gva-web-deploy/WebappDeploy/Role/Resource": [
          {
            "type": "aws:cdk:logicalId",
            "data": "WebappDeployRole6BC5D130"
          }
        ],
        "/incub-gva-web-deploy/WebappDeploy/Role/DefaultPolicy/Resource": [
          {
            "type": "aws:cdk:logicalId",
            "data": "WebappDeployRoleDefaultPolicy4A1D7118"
          }
        ],
        "/incub-gva-web-deploy/WebappDeploy/DeployFunction/ServiceRole/Resource": [
          {
            "type": "aws:cdk:logicalId",
            "data": "WebappDeployDeployFunctionServiceRole1AC692A1"
          }
        ],
        "/incub-gva-web-deploy/WebappDeploy/DeployFunction/ServiceRole/DefaultPolicy/Resource": [
          {
            "type": "aws:cdk:logicalId",
            "data": "WebappDeployDeployFunctionServiceRoleDefaultPolicy62314F91"
          }
        ],
        "/incub-gva-web-deploy/WebappDeploy/DeployFunction/Resource": [
          {
            "type": "aws:cdk:logicalId",
            "data": "WebappDeployDeployFunctionCB67CBAC"
          }
        ],
        "/incub-gva-web-deploy/WebappDeploy/FunctionName/Resource": [
          {
            "type": "aws:cdk:logicalId",
            "data": "WebappDeployFunctionNameE84D8F0F"
          }
        ]
      }
    },
    "incub-gva-worker": {
      "type": "aws:cloudformation:stack",
      "environment": "aws://001112238813/eu-west-1",
      "properties": {
        "templateFile": "incub-gva-worker.template.json"
      },
      "metadata": {
        "/incub-gva-worker": [
          {
            "type": "aws:cdk:stack-tags",
            "data": [
              {
                "Key": "Project",
                "Value": "git-visualized-activity"
              },
              {
                "Key": "SourceRepo",
                "Value": "github/capraconsulting/git-visualized-activity-infra"
              },
              {
                "Key": "StackName",
                "Value": "incub-gva-worker"
              }
            ]
          }
        ],
        "/incub-gva-worker/EcrTagContainer/Secret/Resource": [
          {
            "type": "aws:cdk:logicalId",
            "data": "EcrTagContainerSecretC67E52E5"
          }
        ],
        "/incub-gva-worker/Cluster/Resource": [
          {
            "type": "aws:cdk:logicalId",
            "data": "ClusterEB0386A7"
          }
        ],
        "/incub-gva-worker/LogGroup/Resource": [
          {
            "type": "aws:cdk:logicalId",
            "data": "LogGroupF5B46931"
          }
        ],
        "/incub-gva-worker/TaskDef/TaskRole/Resource": [
          {
            "type": "aws:cdk:logicalId",
            "data": "TaskDefTaskRole1EDB4A67"
          }
        ],
        "/incub-gva-worker/TaskDef/TaskRole/DefaultPolicy/Resource": [
          {
            "type": "aws:cdk:logicalId",
            "data": "TaskDefTaskRoleDefaultPolicyA592CB18"
          }
        ],
        "/incub-gva-worker/TaskDef/Resource": [
          {
            "type": "aws:cdk:logicalId",
            "data": "TaskDef54694570"
          }
        ],
        "/incub-gva-worker/TaskDef/ExecutionRole/Resource": [
          {
            "type": "aws:cdk:logicalId",
            "data": "TaskDefExecutionRoleB4775C97"
          }
        ],
        "/incub-gva-worker/TaskDef/ExecutionRole/DefaultPolicy/Resource": [
          {
            "type": "aws:cdk:logicalId",
            "data": "TaskDefExecutionRoleDefaultPolicy0DBB737A"
          }
        ],
        "/incub-gva-worker/TaskDef/EventsRole/Resource": [
          {
            "type": "aws:cdk:logicalId",
            "data": "TaskDefEventsRoleFB3B67B8"
          }
        ],
        "/incub-gva-worker/TaskDef/EventsRole/DefaultPolicy/Resource": [
          {
            "type": "aws:cdk:logicalId",
            "data": "TaskDefEventsRoleDefaultPolicyA124E85B"
          }
        ],
        "/incub-gva-worker/SecurityGroup/Resource": [
          {
            "type": "aws:cdk:logicalId",
            "data": "SecurityGroupDD263621"
          }
        ],
        "/incub-gva-worker/ScheduleRule/Resource": [
          {
            "type": "aws:cdk:logicalId",
            "data": "ScheduleRuleDA5BD877"
          }
        ]
      }
    },
    "incub-gva-web": {
      "type": "aws:cloudformation:stack",
      "environment": "aws://001112238813/us-east-1",
      "properties": {
        "templateFile": "incub-gva-web.template.json"
      },
      "metadata": {
        "/incub-gva-web": [
          {
            "type": "aws:cdk:asset",
            "data": {
              "path": "asset.c1b83263f6205e067b773ac4cc08023f6a010792b795eeb7888882f859cea245",
              "id": "c1b83263f6205e067b773ac4cc08023f6a010792b795eeb7888882f859cea245",
              "packaging": "zip",
              "sourceHash": "c1b83263f6205e067b773ac4cc08023f6a010792b795eeb7888882f859cea245",
              "s3BucketParameter": "AssetParametersc1b83263f6205e067b773ac4cc08023f6a010792b795eeb7888882f859cea245S3Bucket4CB0FCFF",
              "s3KeyParameter": "AssetParametersc1b83263f6205e067b773ac4cc08023f6a010792b795eeb7888882f859cea245S3VersionKey8DA0D19B",
              "artifactHashParameter": "AssetParametersc1b83263f6205e067b773ac4cc08023f6a010792b795eeb7888882f859cea245ArtifactHash6BD0FD8A"
            }
          },
          {
            "type": "aws:cdk:stack-tags",
            "data": [
              {
                "Key": "Project",
                "Value": "git-visualized-activity"
              },
              {
                "Key": "SourceRepo",
                "Value": "github/capraconsulting/git-visualized-activity-infra"
              },
              {
                "Key": "StackName",
                "Value": "incub-gva-web"
              }
            ]
          }
        ],
        "/incub-gva-web/WebAuth/ServiceRole/Resource": [
          {
            "type": "aws:cdk:logicalId",
            "data": "WebAuthServiceRoleBA3FDD8F"
          }
        ],
        "/incub-gva-web/WebAuth/ServiceRole/DefaultPolicy/Resource": [
          {
            "type": "aws:cdk:logicalId",
            "data": "WebAuthServiceRoleDefaultPolicy894ADDA0"
          }
        ],
        "/incub-gva-web/WebAuth/Function/Resource": [
          {
            "type": "aws:cdk:logicalId",
            "data": "WebAuthFunction1AC74598"
          }
        ],
        "/incub-gva-web/WebAuth/Version/Resource": [
          {
            "type": "aws:cdk:logicalId",
            "data": "WebAuthVersion1884DB50"
          }
        ],
        "/incub-gva-web/AssetParameters/c1b83263f6205e067b773ac4cc08023f6a010792b795eeb7888882f859cea245/S3Bucket": [
          {
            "type": "aws:cdk:logicalId",
            "data": "AssetParametersc1b83263f6205e067b773ac4cc08023f6a010792b795eeb7888882f859cea245S3Bucket4CB0FCFF"
          }
        ],
        "/incub-gva-web/AssetParameters/c1b83263f6205e067b773ac4cc08023f6a010792b795eeb7888882f859cea245/S3VersionKey": [
          {
            "type": "aws:cdk:logicalId",
            "data": "AssetParametersc1b83263f6205e067b773ac4cc08023f6a010792b795eeb7888882f859cea245S3VersionKey8DA0D19B"
          }
        ],
        "/incub-gva-web/AssetParameters/c1b83263f6205e067b773ac4cc08023f6a010792b795eeb7888882f859cea245/ArtifactHash": [
          {
            "type": "aws:cdk:logicalId",
            "data": "AssetParametersc1b83263f6205e067b773ac4cc08023f6a010792b795eeb7888882f859cea245ArtifactHash6BD0FD8A"
          }
        ],
        "/incub-gva-web/WebBucket/Resource": [
          {
            "type": "aws:cdk:logicalId",
            "data": "WebBucket12880F5B"
          }
        ],
        "/incub-gva-web/WebBucket/Policy/Resource": [
          {
            "type": "aws:cdk:logicalId",
            "data": "WebBucketPolicy95D08FAA"
          }
        ],
        "/incub-gva-web/AccessIdentity/Resource": [
          {
            "type": "aws:cdk:logicalId",
            "data": "AccessIdentity369D113B"
          }
        ],
        "/incub-gva-web/Distribution/CFDistribution": [
          {
            "type": "aws:cdk:logicalId",
            "data": "DistributionCFDistribution882A7313"
          }
        ],
        "/incub-gva-web/DistributionIdParam/Resource": [
          {
            "type": "aws:cdk:logicalId",
            "data": "DistributionIdParam86E45413"
          }
        ],
        "/incub-gva-web/DnsRecord/Resource": [
          {
            "type": "aws:cdk:logicalId",
            "data": "DnsRecord68F7FB14"
          }
        ]
      }
    }
  },
  "runtime": {}
}