{
  "Resources": {
    "CrossRegionCodePipelineReplicationBucketEncryptionKey70216490": {
      "Type": "AWS::KMS::Key",
      "Properties": {
        "KeyPolicy": {
          "Statement": [
            {
              "Action": "kms:*",
              "Effect": "Allow",
              "Principal": {
                "AWS": {
                  "Fn::Join": [
                    "",
                    [
                      "arn:",
                      {
                        "Ref": "AWS::Partition"
                      },
                      ":iam::001112238813:root"
                    ]
                  ]
                }
              },
              "Resource": "*"
            },
            {
              "Action": [
                "kms:Decrypt",
                "kms:DescribeKey",
                "kms:Encrypt",
                "kms:ReEncrypt*",
                "kms:GenerateDataKey*"
              ],
              "Effect": "Allow",
              "Principal": {
                "AWS": {
                  "Fn::Join": [
                    "",
                    [
                      "arn:",
                      {
                        "Ref": "AWS::Partition"
                      },
                      ":iam::001112238813:root"
                    ]
                  ]
                }
              },
              "Resource": "*"
            },
            {
              "Action": [
                "kms:Decrypt",
                "kms:DescribeKey"
              ],
              "Effect": "Allow",
              "Principal": {
                "AWS": {
                  "Fn::Join": [
                    "",
                    [
                      "arn:",
                      {
                        "Ref": "AWS::Partition"
                      },
                      ":iam::001112238813:role/cdk-hnb659fds-deploy-role-001112238813-us-east-1"
                    ]
                  ]
                }
              },
              "Resource": "*"
            }
          ],
          "Version": "2012-10-17"
        }
      },
      "UpdateReplacePolicy": "Delete",
      "DeletionPolicy": "Delete",
      "Metadata": {
        "aws:cdk:path": "cross-region-stack-001112238813:us-east-1/Default/CrossRegionCodePipelineReplicationBucketEncryptionKey/Resource"
      }
    },
    "CrossRegionCodePipelineReplicationBucketEncryptionAliasF1A0F37D": {
      "Type": "AWS::KMS::Alias",
      "Properties": {
        "AliasName": "alias/e-supportencryptionalias989ff07ce143f82398fc",
        "TargetKeyId": {
          "Fn::GetAtt": [
            "CrossRegionCodePipelineReplicationBucketEncryptionKey70216490",
            "Arn"
          ]
        }
      },
      "UpdateReplacePolicy": "Delete",
      "DeletionPolicy": "Delete",
      "Metadata": {
        "aws:cdk:path": "cross-region-stack-001112238813:us-east-1/Default/CrossRegionCodePipelineReplicationBucketEncryptionAlias/Resource"
      }
    },
    "CrossRegionCodePipelineReplicationBucketFC3227F2": {
      "Type": "AWS::S3::Bucket",
      "Properties": {
        "BucketEncryption": {
          "ServerSideEncryptionConfiguration": [
            {
              "ServerSideEncryptionByDefault": {
                "KMSMasterKeyID": {
                  "Fn::Join": [
                    "",
                    [
                      "arn:",
                      {
                        "Ref": "AWS::Partition"
                      },
                      ":kms:us-east-1:001112238813:alias/e-supportencryptionalias989ff07ce143f82398fc"
                    ]
                  ]
                },
                "SSEAlgorithm": "aws:kms"
              }
            }
          ]
        },
        "BucketName": "incub-gva-pipeline-supporeplicationbucket6934b6d8c237dbbd9cda"
      },
      "UpdateReplacePolicy": "Retain",
      "DeletionPolicy": "Retain",
      "Metadata": {
        "aws:cdk:path": "cross-region-stack-001112238813:us-east-1/Default/CrossRegionCodePipelineReplicationBucket/Resource"
      }
    }
  }
}