{
  "Parameters": {
    "WebAuthLambdaVersionNonce": {
      "Type": "String",
      "Default": "snapshot"
    },
    "SsmParameterValuecfregionuseast1stackincubgvawebedgewebauthlambdaversionarnC96584B6F00A464EAD1953AFF4B05118Parameter": {
      "Type": "AWS::SSM::Parameter::Value<String>",
      "Default": "/cf/region/us-east-1/stack/incub-gva-web-edge/web-auth-lambda-version-arn"
    }
  },
  "Resources": {
    "WebWebBucketAF209868": {
      "Type": "AWS::S3::Bucket",
      "Properties": {
        "BucketEncryption": {
          "ServerSideEncryptionConfiguration": [
            {
              "ServerSideEncryptionByDefault": {
                "SSEAlgorithm": "AES256"
              }
            }
          ]
        },
        "Tags": [
          {
            "Key": "Project",
            "Value": "git-visualized-activity"
          },
          {
            "Key": "SourceRepo",
            "Value": "github/capraconsulting/git-visualized-activity-infra"
          },
          {
            "Key": "StackName",
            "Value": "incub-gva-web"
          }
        ]
      },
      "UpdateReplacePolicy": "Retain",
      "DeletionPolicy": "Retain",
      "Metadata": {
        "aws:cdk:path": "incub-gva-web/Web/WebBucket/Resource"
      }
    },
    "WebWebBucketPolicy3FAD0326": {
      "Type": "AWS::S3::BucketPolicy",
      "Properties": {
        "Bucket": {
          "Ref": "WebWebBucketAF209868"
        },
        "PolicyDocument": {
          "Statement": [
            {
              "Action": "s3:GetObject",
              "Effect": "Allow",
              "Principal": {
                "CanonicalUser": {
                  "Fn::GetAtt": [
                    "WebAccessIdentity94AA1B1E",
                    "S3CanonicalUserId"
                  ]
                }
              },
              "Resource": [
                {
                  "Fn::Join": [
                    "",
                    [
                      {
                        "Fn::GetAtt": [
                          "WebWebBucketAF209868",
                          "Arn"
                        ]
                      },
                      "/data/*"
                    ]
                  ]
                },
                {
                  "Fn::Join": [
                    "",
                    [
                      {
                        "Fn::GetAtt": [
                          "WebWebBucketAF209868",
                          "Arn"
                        ]
                      },
                      "/web/*"
                    ]
                  ]
                }
              ]
            },
            {
              "Action": [
                "s3:GetObject*",
                "s3:GetBucket*",
                "s3:List*"
              ],
              "Effect": "Allow",
              "Principal": {
                "CanonicalUser": {
                  "Fn::GetAtt": [
                    "WebAccessIdentity94AA1B1E",
                    "S3CanonicalUserId"
                  ]
                }
              },
              "Resource": [
                {
                  "Fn::GetAtt": [
                    "WebWebBucketAF209868",
                    "Arn"
                  ]
                },
                {
                  "Fn::Join": [
                    "",
                    [
                      {
                        "Fn::GetAtt": [
                          "WebWebBucketAF209868",
                          "Arn"
                        ]
                      },
                      "/*"
                    ]
                  ]
                }
              ]
            }
          ],
          "Version": "2012-10-17"
        }
      },
      "Metadata": {
        "aws:cdk:path": "incub-gva-web/Web/WebBucket/Policy/Resource"
      }
    },
    "WebAccessIdentity94AA1B1E": {
      "Type": "AWS::CloudFront::CloudFrontOriginAccessIdentity",
      "Properties": {
        "CloudFrontOriginAccessIdentityConfig": {
          "Comment": "Allows CloudFront to reach the bucket"
        }
      },
      "Metadata": {
        "aws:cdk:path": "incub-gva-web/Web/AccessIdentity/Resource"
      }
    },
    "WebDistributionCFDistributionE67D88CA": {
      "Type": "AWS::CloudFront::Distribution",
      "Properties": {
        "DistributionConfig": {
          "Aliases": [
            "gva.incubator.liflig.dev"
          ],
          "CacheBehaviors": [
            {
              "AllowedMethods": [
                "GET",
                "HEAD"
              ],
              "CachedMethods": [
                "GET",
                "HEAD"
              ],
              "Compress": true,
              "ForwardedValues": {
                "QueryString": false
              },
              "LambdaFunctionAssociations": [
                {
                  "EventType": "viewer-request",
                  "LambdaFunctionARN": {
                    "Ref": "SsmParameterValuecfregionuseast1stackincubgvawebedgewebauthlambdaversionarnC96584B6F00A464EAD1953AFF4B05118Parameter"
                  }
                }
              ],
              "PathPattern": "/data/*",
              "TargetOriginId": "origin2",
              "ViewerProtocolPolicy": "redirect-to-https"
            }
          ],
          "DefaultCacheBehavior": {
            "AllowedMethods": [
              "GET",
              "HEAD"
            ],
            "CachedMethods": [
              "GET",
              "HEAD"
            ],
            "Compress": true,
            "ForwardedValues": {
              "QueryString": false
            },
            "LambdaFunctionAssociations": [
              {
                "EventType": "viewer-request",
                "LambdaFunctionARN": {
                  "Ref": "SsmParameterValuecfregionuseast1stackincubgvawebedgewebauthlambdaversionarnC96584B6F00A464EAD1953AFF4B05118Parameter"
                }
              }
            ],
            "TargetOriginId": "origin1",
            "ViewerProtocolPolicy": "redirect-to-https"
          },
          "DefaultRootObject": "index.html",
          "Enabled": true,
          "HttpVersion": "http2",
          "IPV6Enabled": true,
          "Origins": [
            {
              "ConnectionAttempts": 3,
              "ConnectionTimeout": 10,
              "DomainName": {
                "Fn::GetAtt": [
                  "WebWebBucketAF209868",
                  "RegionalDomainName"
                ]
              },
              "Id": "origin1",
              "OriginPath": "/web",
              "S3OriginConfig": {
                "OriginAccessIdentity": {
                  "Fn::Join": [
                    "",
                    [
                      "origin-access-identity/cloudfront/",
                      {
                        "Ref": "WebAccessIdentity94AA1B1E"
                      }
                    ]
                  ]
                }
              }
            },
            {
              "ConnectionAttempts": 3,
              "ConnectionTimeout": 10,
              "DomainName": {
                "Fn::GetAtt": [
                  "WebWebBucketAF209868",
                  "RegionalDomainName"
                ]
              },
              "Id": "origin2",
              "OriginPath": "",
              "S3OriginConfig": {
                "OriginAccessIdentity": {
                  "Fn::Join": [
                    "",
                    [
                      "origin-access-identity/cloudfront/",
                      {
                        "Ref": "WebAccessIdentity94AA1B1E"
                      }
                    ]
                  ]
                }
              }
            }
          ],
          "PriceClass": "PriceClass_100",
          "ViewerCertificate": {
            "AcmCertificateArn": "arn:aws:acm:us-east-1:001112238813:certificate/6a82ce2d-fbe7-418a-8b8a-06e609b8d61d",
            "MinimumProtocolVersion": "TLSv1.2_2018",
            "SslSupportMethod": "sni-only"
          }
        },
        "Tags": [
          {
            "Key": "Project",
            "Value": "git-visualized-activity"
          },
          {
            "Key": "SourceRepo",
            "Value": "github/capraconsulting/git-visualized-activity-infra"
          },
          {
            "Key": "StackName",
            "Value": "incub-gva-web"
          }
        ]
      },
      "Metadata": {
        "aws:cdk:path": "incub-gva-web/Web/Distribution/CFDistribution"
      }
    },
    "WebDnsRecord7704C090": {
      "Type": "AWS::Route53::RecordSet",
      "Properties": {
        "Name": "gva.incubator.liflig.dev.",
        "Type": "A",
        "AliasTarget": {
          "DNSName": {
            "Fn::GetAtt": [
              "WebDistributionCFDistributionE67D88CA",
              "DomainName"
            ]
          },
          "HostedZoneId": {
            "Fn::FindInMap": [
              "AWSCloudFrontPartitionHostedZoneIdMap",
              {
                "Ref": "AWS::Partition"
              },
              "zoneId"
            ]
          }
        },
        "HostedZoneId": "Z07028931BZD2FT5LUHHH"
      },
      "Metadata": {
        "aws:cdk:path": "incub-gva-web/Web/DnsRecord/Resource"
      }
    },
    "WebDeployRole3C4D63A7": {
      "Type": "AWS::IAM::Role",
      "Properties": {
        "AssumeRolePolicyDocument": {
          "Statement": [
            {
              "Action": "sts:AssumeRole",
              "Effect": "Allow",
              "Principal": {
                "AWS": "arn:aws:iam::923402097046:role/buildtools-jenkins-RoleJenkinsSlave-JQGYHR5WE6C5"
              }
            }
          ],
          "Version": "2012-10-17"
        },
        "RoleName": "incub-gva-web-deploy",
        "Tags": [
          {
            "Key": "Project",
            "Value": "git-visualized-activity"
          },
          {
            "Key": "SourceRepo",
            "Value": "github/capraconsulting/git-visualized-activity-infra"
          },
          {
            "Key": "StackName",
            "Value": "incub-gva-web"
          }
        ]
      },
      "Metadata": {
        "aws:cdk:path": "incub-gva-web/Web/Deploy/Role/Resource"
      }
    },
    "WebDeployRoleDefaultPolicy8D88A3B4": {
      "Type": "AWS::IAM::Policy",
      "Properties": {
        "PolicyDocument": {
          "Statement": [
            {
              "Action": "lambda:InvokeFunction",
              "Effect": "Allow",
              "Resource": {
                "Fn::GetAtt": [
                  "WebDeploy7DEF3E65",
                  "Arn"
                ]
              }
            }
          ],
          "Version": "2012-10-17"
        },
        "PolicyName": "WebDeployRoleDefaultPolicy8D88A3B4",
        "Roles": [
          {
            "Ref": "WebDeployRole3C4D63A7"
          }
        ]
      },
      "Metadata": {
        "aws:cdk:path": "incub-gva-web/Web/Deploy/Role/DefaultPolicy/Resource"
      }
    },
    "WebDeployServiceRoleAD5BC231": {
      "Type": "AWS::IAM::Role",
      "Properties": {
        "AssumeRolePolicyDocument": {
          "Statement": [
            {
              "Action": "sts:AssumeRole",
              "Effect": "Allow",
              "Principal": {
                "Service": "lambda.amazonaws.com"
              }
            }
          ],
          "Version": "2012-10-17"
        },
        "ManagedPolicyArns": [
          {
            "Fn::Join": [
              "",
              [
                "arn:",
                {
                  "Ref": "AWS::Partition"
                },
                ":iam::aws:policy/service-role/AWSLambdaBasicExecutionRole"
              ]
            ]
          }
        ],
        "Tags": [
          {
            "Key": "Project",
            "Value": "git-visualized-activity"
          },
          {
            "Key": "SourceRepo",
            "Value": "github/capraconsulting/git-visualized-activity-infra"
          },
          {
            "Key": "StackName",
            "Value": "incub-gva-web"
          }
        ]
      },
      "Metadata": {
        "aws:cdk:path": "incub-gva-web/Web/Deploy/Resource/Resource/ServiceRole/Resource"
      }
    },
    "WebDeployServiceRoleDefaultPolicy8B0EAC57": {
      "Type": "AWS::IAM::Policy",
      "Properties": {
        "PolicyDocument": {
          "Statement": [
            {
              "Action": [
                "s3:HeadObject",
                "s3:GetObject"
              ],
              "Effect": "Allow",
              "Resource": {
                "Fn::Join": [
                  "",
                  [
                    "arn:",
                    {
                      "Ref": "AWS::Partition"
                    },
                    ":s3:::incub-common-build-artifacts-001112238813-eu-west-1/*"
                  ]
                ]
              }
            },
            {
              "Action": [
                "s3:PutObject",
                "s3:DeleteObject"
              ],
              "Effect": "Allow",
              "Resource": {
                "Fn::Join": [
                  "",
                  [
                    {
                      "Fn::GetAtt": [
                        "WebWebBucketAF209868",
                        "Arn"
                      ]
                    },
                    "/web/*"
                  ]
                ]
              }
            },
            {
              "Action": [
                "s3:GetObject",
                "s3:PutObject"
              ],
              "Effect": "Allow",
              "Resource": {
                "Fn::Join": [
                  "",
                  [
                    {
                      "Fn::GetAtt": [
                        "WebWebBucketAF209868",
                        "Arn"
                      ]
                    },
                    "/deployments.log"
                  ]
                ]
              }
            },
            {
              "Action": "s3:List*",
              "Effect": "Allow",
              "Resource": {
                "Fn::GetAtt": [
                  "WebWebBucketAF209868",
                  "Arn"
                ]
              }
            },
            {
              "Action": "cloudfront:CreateInvalidation",
              "Effect": "Allow",
              "Resource": "*"
            }
          ],
          "Version": "2012-10-17"
        },
        "PolicyName": "WebDeployServiceRoleDefaultPolicy8B0EAC57",
        "Roles": [
          {
            "Ref": "WebDeployServiceRoleAD5BC231"
          }
        ]
      },
      "Metadata": {
        "aws:cdk:path": "incub-gva-web/Web/Deploy/Resource/Resource/ServiceRole/DefaultPolicy/Resource"
      }
    },
    "WebDeploy7DEF3E65": {
      "Type": "AWS::Lambda::Function",
      "Properties": {
        "Code": {
          "S3Bucket": {
            "Ref": "snapshot-value"
          },
          "S3Key": {
            "Fn::Join": [
              "",
              [
                {
                  "Fn::Select": [
                    0,
                    {
                      "Fn::Split": [
                        "||",
                        {
                          "Ref": "snapshot-value"
                        }
                      ]
                    }
                  ]
                },
                {
                  "Fn::Select": [
                    1,
                    {
                      "Fn::Split": [
                        "||",
                        {
                          "Ref": "snapshot-value"
                        }
                      ]
                    }
                  ]
                }
              ]
            ]
          }
        },
        "Handler": "webapp_deploy.main.handler",
        "Role": {
          "Fn::GetAtt": [
            "WebDeployServiceRoleAD5BC231",
            "Arn"
          ]
        },
        "Runtime": "python3.7",
        "Environment": {
          "Variables": {
            "DEPLOY_LOG_BUCKET_URL": {
              "Fn::Join": [
                "",
                [
                  "s3://",
                  {
                    "Ref": "WebWebBucketAF209868"
                  },
                  "/deployments.log"
                ]
              ]
            },
            "EXPIRE_SECONDS": "432000",
            "TARGET_BUCKET_URL": {
              "Fn::Join": [
                "",
                [
                  "s3://",
                  {
                    "Ref": "WebWebBucketAF209868"
                  },
                  "/web"
                ]
              ]
            },
            "CF_DISTRIBUTION_ID": {
              "Ref": "WebDistributionCFDistributionE67D88CA"
            }
          }
        },
        "FunctionName": "incub-gva-web-deploy",
        "ReservedConcurrentExecutions": 1,
        "Tags": [
          {
            "Key": "Project",
            "Value": "git-visualized-activity"
          },
          {
            "Key": "SourceRepo",
            "Value": "github/capraconsulting/git-visualized-activity-infra"
          },
          {
            "Key": "StackName",
            "Value": "incub-gva-web"
          }
        ],
        "Timeout": 120
      },
      "DependsOn": [
        "WebDeployServiceRoleDefaultPolicy8B0EAC57",
        "WebDeployServiceRoleAD5BC231"
      ],
      "Metadata": {
        "aws:cdk:path": "incub-gva-web/Web/Deploy/Resource/Resource/Resource",
        "aws:asset:path": "asset.snapshot-value",
        "aws:asset:property": "Code"
      }
    }
  },
  "Outputs": {
    "WebDeployFunctionArnOutputAA8D5D84": {
      "Value": {
        "Fn::GetAtt": [
          "WebDeploy7DEF3E65",
          "Arn"
        ]
      }
    },
    "WebDeployRoleArnOutput2C4C53A4": {
      "Value": {
        "Fn::GetAtt": [
          "WebDeployRole3C4D63A7",
          "Arn"
        ]
      }
    },
    "ExportsOutputRefWebWebBucketAF209868DA1CE065": {
      "Value": {
        "Ref": "WebWebBucketAF209868"
      },
      "Export": {
        "Name": "incub-gva-web:ExportsOutputRefWebWebBucketAF209868DA1CE065"
      }
    },
    "ExportsOutputRefWebDistributionCFDistributionE67D88CAD4DDDA0B": {
      "Value": {
        "Ref": "WebDistributionCFDistributionE67D88CA"
      },
      "Export": {
        "Name": "incub-gva-web:ExportsOutputRefWebDistributionCFDistributionE67D88CAD4DDDA0B"
      }
    }
  },
  "Mappings": {
    "AWSCloudFrontPartitionHostedZoneIdMap": {
      "aws": {
        "zoneId": "Z2FDTNDATAQYW2"
      },
      "aws-cn": {
        "zoneId": "Z3RFFRIM2A3IF5"
      }
    }
  }
}