{
  "Resources": {
    "WebAuthServiceRoleBA3FDD8F": {
      "Type": "AWS::IAM::Role",
      "Properties": {
        "AssumeRolePolicyDocument": {
          "Statement": [
            {
              "Action": "sts:AssumeRole",
              "Effect": "Allow",
              "Principal": {
                "Service": [
                  "lambda.amazonaws.com",
                  "edgelambda.amazonaws.com"
                ]
              }
            }
          ],
          "Version": "2012-10-17"
        },
        "ManagedPolicyArns": [
          {
            "Fn::Join": [
              "",
              [
                "arn:",
                {
                  "Ref": "AWS::Partition"
                },
                ":iam::aws:policy/service-role/AWSLambdaBasicExecutionRole"
              ]
            ]
          }
        ],
        "Tags": [
          {
            "Key": "Project",
            "Value": "git-visualized-activity"
          },
          {
            "Key": "SourceRepo",
            "Value": "github/capraconsulting/git-visualized-activity-infra"
          },
          {
            "Key": "StackName",
            "Value": "incub-gva-web-edge"
          }
        ]
      },
      "Metadata": {
        "aws:cdk:path": "incub-gva-web-edge/WebAuth/ServiceRole/Resource"
      }
    },
    "WebAuthServiceRoleDefaultPolicy894ADDA0": {
      "Type": "AWS::IAM::Policy",
      "Properties": {
        "PolicyDocument": {
          "Statement": [
            {
              "Action": "ssm:GetParameters",
              "Effect": "Allow",
              "Resource": [
                {
                  "Fn::Join": [
                    "",
                    [
                      "arn:",
                      {
                        "Ref": "AWS::Partition"
                      },
                      ":ssm:eu-west-1:001112238813:parameter/incub-gva-web/basicauth-username"
                    ]
                  ]
                },
                {
                  "Fn::Join": [
                    "",
                    [
                      "arn:",
                      {
                        "Ref": "AWS::Partition"
                      },
                      ":ssm:eu-west-1:001112238813:parameter/incub-gva-web/basicauth-password"
                    ]
                  ]
                }
              ]
            }
          ],
          "Version": "2012-10-17"
        },
        "PolicyName": "WebAuthServiceRoleDefaultPolicy894ADDA0",
        "Roles": [
          {
            "Ref": "WebAuthServiceRoleBA3FDD8F"
          }
        ]
      },
      "Metadata": {
        "aws:cdk:path": "incub-gva-web-edge/WebAuth/ServiceRole/DefaultPolicy/Resource"
      }
    },
    "WebAuthFunction1AC74598": {
      "Type": "AWS::Lambda::Function",
      "Properties": {
        "Code": {
          "S3Bucket": {
            "Ref": "snapshot-value"
          },
          "S3Key": {
            "Fn::Join": [
              "",
              [
                {
                  "Fn::Select": [
                    0,
                    {
                      "Fn::Split": [
                        "||",
                        {
                          "Ref": "snapshot-value"
                        }
                      ]
                    }
                  ]
                },
                {
                  "Fn::Select": [
                    1,
                    {
                      "Fn::Split": [
                        "||",
                        {
                          "Ref": "snapshot-value"
                        }
                      ]
                    }
                  ]
                }
              ]
            ]
          }
        },
        "Handler": "index.handler",
        "Role": {
          "Fn::GetAtt": [
            "WebAuthServiceRoleBA3FDD8F",
            "Arn"
          ]
        },
        "Runtime": "nodejs12.x",
        "Tags": [
          {
            "Key": "Project",
            "Value": "git-visualized-activity"
          },
          {
            "Key": "SourceRepo",
            "Value": "github/capraconsulting/git-visualized-activity-infra"
          },
          {
            "Key": "StackName",
            "Value": "incub-gva-web-edge"
          }
        ]
      },
      "DependsOn": [
        "WebAuthServiceRoleDefaultPolicy894ADDA0",
        "WebAuthServiceRoleBA3FDD8F"
      ],
      "Metadata": {
        "aws:cdk:path": "incub-gva-web-edge/WebAuth/Function/Resource",
        "aws:asset:path": "asset.snapshot-value",
        "aws:asset:property": "Code"
      }
    },
    "WebAuthFunctionCurrentVersion0429D26Bxxxxxxxxxxxxxxxxxxxxxxxxxxxxxxxx": {
      "Type": "AWS::Lambda::Version",
      "Properties": {
        "FunctionName": {
          "Ref": "WebAuthFunction1AC74598"
        }
      },
      "Metadata": {
        "aws:cdk:path": "incub-gva-web-edge/WebAuth/Function/CurrentVersion/Resource"
      }
    },
    "VersionParamParameuwest1Resoure7DBFCD25": {
      "Type": "Custom::AWS",
      "Properties": {
        "ServiceToken": {
          "Fn::GetAtt": [
            "AWS679f53fac002430cb0da5b7982bd22872D164C4C",
            "Arn"
          ]
        },
        "Create": {
          "service": "SSM",
          "action": "putParameter",
          "parameters": {
            "Name": "/cf/region/us-east-1/stack/incub-gva-web-edge/web-auth-lambda-version-arn",
            "Value": {
              "Ref": "WebAuthFunctionCurrentVersion0429D26Bxxxxxxxxxxxxxxxxxxxxxxxxxxxxxxxx"
            },
            "Type": "String",
            "Overwrite": "TRUE:BOOLEAN"
          },
          "region": "eu-west-1",
          "physicalResourceId": {
            "id": "/cf/region/us-east-1/stack/incub-gva-web-edge/web-auth-lambda-version-arn"
          }
        },
        "Update": {
          "service": "SSM",
          "action": "putParameter",
          "parameters": {
            "Name": "/cf/region/us-east-1/stack/incub-gva-web-edge/web-auth-lambda-version-arn",
            "Value": {
              "Ref": "WebAuthFunctionCurrentVersion0429D26Bxxxxxxxxxxxxxxxxxxxxxxxxxxxxxxxx"
            },
            "Type": "String",
            "Overwrite": "TRUE:BOOLEAN"
          },
          "region": "eu-west-1",
          "physicalResourceId": {
            "id": "/cf/region/us-east-1/stack/incub-gva-web-edge/web-auth-lambda-version-arn"
          }
        },
        "Delete": {
          "service": "SSM",
          "action": "deleteParameter",
          "parameters": {
            "Name": "/cf/region/us-east-1/stack/incub-gva-web-edge/web-auth-lambda-version-arn"
          },
          "region": "eu-west-1",
          "physicalResourceId": {
            "id": "/cf/region/us-east-1/stack/incub-gva-web-edge/web-auth-lambda-version-arn"
          }
        }
      },
      "UpdateReplacePolicy": "Delete",
      "DeletionPolicy": "Delete",
      "Metadata": {
        "aws:cdk:path": "incub-gva-web-edge/VersionParam/Parameu-west-1/Resoure/Resource/Default"
      }
    },
    "AWS679f53fac002430cb0da5b7982bd2287ServiceRoleC1EA0FF2": {
      "Type": "AWS::IAM::Role",
      "Properties": {
        "AssumeRolePolicyDocument": {
          "Statement": [
            {
              "Action": "sts:AssumeRole",
              "Effect": "Allow",
              "Principal": {
                "Service": "lambda.amazonaws.com"
              }
            }
          ],
          "Version": "2012-10-17"
        },
        "ManagedPolicyArns": [
          {
            "Fn::Join": [
              "",
              [
                "arn:",
                {
                  "Ref": "AWS::Partition"
                },
                ":iam::aws:policy/service-role/AWSLambdaBasicExecutionRole"
              ]
            ]
          }
        ],
        "Tags": [
          {
            "Key": "Project",
            "Value": "git-visualized-activity"
          },
          {
            "Key": "SourceRepo",
            "Value": "github/capraconsulting/git-visualized-activity-infra"
          },
          {
            "Key": "StackName",
            "Value": "incub-gva-web-edge"
          }
        ]
      },
      "Metadata": {
        "aws:cdk:path": "incub-gva-web-edge/AWS679f53fac002430cb0da5b7982bd2287/ServiceRole/Resource"
      }
    },
    "AWS679f53fac002430cb0da5b7982bd2287ServiceRoleDefaultPolicyD28E1A5E": {
      "Type": "AWS::IAM::Policy",
      "Properties": {
        "PolicyDocument": {
          "Statement": [
            {
              "Action": "ssm:PutParameter",
              "Effect": "Allow",
              "Resource": "*"
            },
            {
              "Action": "ssm:DeleteParameter",
              "Effect": "Allow",
              "Resource": "*"
            }
          ],
          "Version": "2012-10-17"
        },
        "PolicyName": "AWS679f53fac002430cb0da5b7982bd2287ServiceRoleDefaultPolicyD28E1A5E",
        "Roles": [
          {
            "Ref": "AWS679f53fac002430cb0da5b7982bd2287ServiceRoleC1EA0FF2"
          }
        ]
      },
      "Metadata": {
        "aws:cdk:path": "incub-gva-web-edge/AWS679f53fac002430cb0da5b7982bd2287/ServiceRole/DefaultPolicy/Resource"
      }
    },
    "AWS679f53fac002430cb0da5b7982bd22872D164C4C": {
      "Type": "AWS::Lambda::Function",
      "Properties": {
        "Code": {
          "S3Bucket": {
            "Ref": "snapshot-value"
          },
          "S3Key": {
            "Fn::Join": [
              "",
              [
                {
                  "Fn::Select": [
                    0,
                    {
                      "Fn::Split": [
                        "||",
                        {
                          "Ref": "snapshot-value"
                        }
                      ]
                    }
                  ]
                },
                {
                  "Fn::Select": [
                    1,
                    {
                      "Fn::Split": [
                        "||",
                        {
                          "Ref": "snapshot-value"
                        }
                      ]
                    }
                  ]
                }
              ]
            ]
          }
        },
        "Handler": "index.handler",
        "Role": {
          "Fn::GetAtt": [
            "AWS679f53fac002430cb0da5b7982bd2287ServiceRoleC1EA0FF2",
            "Arn"
          ]
        },
        "Runtime": "nodejs12.x",
        "Tags": [
          {
            "Key": "Project",
            "Value": "git-visualized-activity"
          },
          {
            "Key": "SourceRepo",
            "Value": "github/capraconsulting/git-visualized-activity-infra"
          },
          {
            "Key": "StackName",
            "Value": "incub-gva-web-edge"
          }
        ],
        "Timeout": 120
      },
      "DependsOn": [
        "AWS679f53fac002430cb0da5b7982bd2287ServiceRoleDefaultPolicyD28E1A5E",
        "AWS679f53fac002430cb0da5b7982bd2287ServiceRoleC1EA0FF2"
      ],
      "Metadata": {
        "aws:cdk:path": "incub-gva-web-edge/AWS679f53fac002430cb0da5b7982bd2287/Resource",
        "aws:asset:path": "asset.snapshot-value",
        "aws:asset:property": "Code"
      }
    }
  },
  "Parameters": {}
}