{
  "version": "5.0.0",
  "files": {
    "a031e508958938f8422daeeac500bb201eeaadb51e930882c6f34a3f5ec44c87": {
      "source": {
        "path": "asset.a031e508958938f8422daeeac500bb201eeaadb51e930882c6f34a3f5ec44c87",
        "packaging": "zip"
      },
      "destinations": {
        "001112238813-eu-west-1": {
          "bucketName": "cdk-hnb659fds-assets-001112238813-eu-west-1",
          "objectKey": "a031e508958938f8422daeeac500bb201eeaadb51e930882c6f34a3f5ec44c87.zip",
          "region": "eu-west-1",
          "assumeRoleArn": "arn:${AWS::Partition}:iam::001112238813:role/cdk-hnb659fds-file-publishing-role-001112238813-eu-west-1"
        }
      }
    },
    "264b876feed2e6835868d47102b3934f27a65c2d9060ddddf34ac70e070e8429": {
      "source": {
        "path": "incub-gva-web.template.json",
        "packaging": "file"
      },
      "destinations": {
        "001112238813-eu-west-1": {
          "bucketName": "cdk-hnb659fds-assets-001112238813-eu-west-1",
          "objectKey": "264b876feed2e6835868d47102b3934f27a65c2d9060ddddf34ac70e070e8429",
          "region": "eu-west-1",
          "assumeRoleArn": "arn:${AWS::Partition}:iam::001112238813:role/cdk-hnb659fds-file-publishing-role-001112238813-eu-west-1"
        }
      }
    }
  },
  "dockerImages": {}
}