{
  "artifacts": {
    "Tree": {
      "type": "cdk:tree",
      "properties": {
        "file": "tree.json"
      }
    },
    "incub-gva-web-edge.assets": {
      "type": "cdk:asset-manifest",
      "properties": {
        "file": "incub-gva-web-edge.assets.json",
        "requiresBootstrapStackVersion": 4
      }
    },
    "incub-gva-web-edge": {
      "type": "aws:cloudformation:stack",
      "environment": "aws://001112238813/us-east-1",
      "properties": {
        "templateFile": "incub-gva-web-edge.template.json",
        "assumeRoleArn": "arn:${AWS::Partition}:iam::001112238813:role/cdk-hnb659fds-deploy-role-001112238813-us-east-1",
        "cloudFormationExecutionRoleArn": "arn:${AWS::Partition}:iam::001112238813:role/cdk-hnb659fds-cfn-exec-role-001112238813-us-east-1",
        "stackTemplateAssetObjectUrl": "s3://cdk-hnb659fds-assets-001112238813-us-east-1/ff1b38c00f50d841d449f797ed967624b40a04e80ef0fa894b5b3ee82e79cca9",
        "requiresBootstrapStackVersion": 4
      },
      "dependencies": [
        "incub-gva-web-edge.assets"
      ],
      "metadata": {
        "/incub-gva-web-edge": [
          {
            "type": "aws:cdk:stack-tags",
            "data": [
              {
                "Key": "Project",
                "Value": "git-visualized-activity"
              },
              {
                "Key": "SourceRepo",
                "Value": "github/capraconsulting/git-visualized-activity-infra"
              },
              {
                "Key": "StackName",
                "Value": "incub-gva-web-edge"
              }
            ]
          }
        ],
        "/incub-gva-web-edge/BootstrapVersion": [
          {
            "type": "aws:cdk:logicalId",
            "data": "BootstrapVersion"
          }
        ],
        "/incub-gva-web-edge/CheckBootstrapVersion": [
          {
            "type": "aws:cdk:logicalId",
            "data": "CheckBootstrapVersion"
          }
        ],
        "/incub-gva-web-edge/WebAuth/ServiceRole/Resource": [
          {
            "type": "aws:cdk:logicalId",
            "data": "WebAuthServiceRoleBA3FDD8F"
          }
        ],
        "/incub-gva-web-edge/WebAuth/ServiceRole/DefaultPolicy/Resource": [
          {
            "type": "aws:cdk:logicalId",
            "data": "WebAuthServiceRoleDefaultPolicy894ADDA0"
          }
        ],
        "/incub-gva-web-edge/WebAuth/Function/Resource": [
          {
            "type": "aws:cdk:logicalId",
            "data": "WebAuthFunction1AC74598"
          }
        ],
        "/incub-gva-web-edge/WebAuth/Function/CurrentVersion/Resource": [
          {
            "type": "aws:cdk:logicalId",
            "data": "WebAuthFunctionCurrentVersion0429D26Bxxxxxxxxxxxxxxxxxxxxxxxxxxxxxxxx"
          }
        ],
        "/incub-gva-web-edge/VersionParam/Parameu-west-1/Resoure/Resource/Default": [
          {
            "type": "aws:cdk:logicalId",
            "data": "VersionParamParameuwest1Resoure7DBFCD25"
          }
        ],
        "/incub-gva-web-edge/AWS679f53fac002430cb0da5b7982bd2287/ServiceRole/Resource": [
          {
            "type": "aws:cdk:logicalId",
            "data": "AWS679f53fac002430cb0da5b7982bd2287ServiceRoleC1EA0FF2"
          }
        ],
        "/incub-gva-web-edge/AWS679f53fac002430cb0da5b7982bd2287/ServiceRole/DefaultPolicy/Resource": [
          {
            "type": "aws:cdk:logicalId",
            "data": "AWS679f53fac002430cb0da5b7982bd2287ServiceRoleDefaultPolicyD28E1A5E"
          }
        ],
        "/incub-gva-web-edge/AWS679f53fac002430cb0da5b7982bd2287/Resource": [
          {
            "type": "aws:cdk:logicalId",
            "data": "AWS679f53fac002430cb0da5b7982bd22872D164C4C"
          }
        ]
      }
    },
    "incub-gva-web.assets": {
      "type": "cdk:asset-manifest",
      "properties": {
        "file": "incub-gva-web.assets.json",
        "requiresBootstrapStackVersion": 4
      }
    },
    "incub-gva-web": {
      "type": "aws:cloudformation:stack",
      "environment": "aws://001112238813/eu-west-1",
      "properties": {
        "templateFile": "incub-gva-web.template.json",
        "assumeRoleArn": "arn:${AWS::Partition}:iam::001112238813:role/cdk-hnb659fds-deploy-role-001112238813-eu-west-1",
        "cloudFormationExecutionRoleArn": "arn:${AWS::Partition}:iam::001112238813:role/cdk-hnb659fds-cfn-exec-role-001112238813-eu-west-1",
        "stackTemplateAssetObjectUrl": "s3://cdk-hnb659fds-assets-001112238813-eu-west-1/1e63b5e243bb6b847425c4c7afa6a1f426ad1bbceb7094280f95fd6be5f47c38",
        "requiresBootstrapStackVersion": 4
      },
      "dependencies": [
        "incub-gva-web-edge",
        "incub-gva-web.assets"
      ],
      "metadata": {
        "/incub-gva-web": [
          {
            "type": "aws:cdk:stack-tags",
            "data": [
              {
                "Key": "Project",
                "Value": "git-visualized-activity"
              },
              {
                "Key": "SourceRepo",
                "Value": "github/capraconsulting/git-visualized-activity-infra"
              },
              {
                "Key": "StackName",
                "Value": "incub-gva-web"
              }
            ]
          }
        ],
        "/incub-gva-web/BootstrapVersion": [
          {
            "type": "aws:cdk:logicalId",
            "data": "BootstrapVersion"
          }
        ],
        "/incub-gva-web/CheckBootstrapVersion": [
          {
            "type": "aws:cdk:logicalId",
            "data": "CheckBootstrapVersion"
          }
        ],
        "/incub-gva-web/WebAuthLambdaVersionNonce": [
          {
            "type": "aws:cdk:logicalId",
            "data": "WebAuthLambdaVersionNonce"
          }
        ],
        "/incub-gva-web/SsmParameterValue:--cf--region--us-east-1--stack--incub-gva-web-edge--web-auth-lambda-version-arn:C96584B6-F00A-464E-AD19-53AFF4B05118.Parameter": [
          {
            "type": "aws:cdk:logicalId",
            "data": "SsmParameterValuecfregionuseast1stackincubgvawebedgewebauthlambdaversionarnC96584B6F00A464EAD1953AFF4B05118Parameter"
          }
        ],
        "/incub-gva-web/Web/WebBucket/Resource": [
          {
            "type": "aws:cdk:logicalId",
            "data": "WebWebBucketAF209868"
          }
        ],
        "/incub-gva-web/Web/WebBucket/Policy/Resource": [
          {
            "type": "aws:cdk:logicalId",
            "data": "WebWebBucketPolicy3FAD0326"
          }
        ],
        "/incub-gva-web/Web/AccessIdentity/Resource": [
          {
            "type": "aws:cdk:logicalId",
            "data": "WebAccessIdentity94AA1B1E"
          }
        ],
        "/incub-gva-web/Web/Distribution/CFDistribution": [
          {
            "type": "aws:cdk:logicalId",
            "data": "WebDistributionCFDistributionE67D88CA"
          }
        ],
        "/incub-gva-web/Web/DnsRecord/Resource": [
          {
            "type": "aws:cdk:logicalId",
            "data": "WebDnsRecord7704C090"
          }
        ],
        "/incub-gva-web/Web/Deploy/Role/Resource": [
          {
            "type": "aws:cdk:logicalId",
            "data": "WebDeployRole3C4D63A7"
          }
        ],
        "/incub-gva-web/Web/Deploy/Role/DefaultPolicy/Resource": [
          {
            "type": "aws:cdk:logicalId",
            "data": "WebDeployRoleDefaultPolicy8D88A3B4"
          }
        ],
        "/incub-gva-web/Web/Deploy/Resource/Resource/ServiceRole/Resource": [
          {
            "type": "aws:cdk:logicalId",
            "data": "WebDeployServiceRoleAD5BC231"
          }
        ],
        "/incub-gva-web/Web/Deploy/Resource/Resource/ServiceRole/DefaultPolicy/Resource": [
          {
            "type": "aws:cdk:logicalId",
            "data": "WebDeployServiceRoleDefaultPolicy8B0EAC57"
          }
        ],
        "/incub-gva-web/Web/Deploy/Resource/Resource/Resource": [
          {
            "type": "aws:cdk:logicalId",
            "data": "WebDeploy7DEF3E65"
          }
        ],
        "/incub-gva-web/Web/Deploy/FunctionArnOutput": [
          {
            "type": "aws:cdk:logicalId",
            "data": "WebDeployFunctionArnOutputAA8D5D84"
          }
        ],
        "/incub-gva-web/Web/Deploy/RoleArnOutput": [
          {
            "type": "aws:cdk:logicalId",
            "data": "WebDeployRoleArnOutput2C4C53A4"
          }
        ],
        "/incub-gva-web/AWSCloudFrontPartitionHostedZoneIdMap": [
          {
            "type": "aws:cdk:logicalId",
            "data": "AWSCloudFrontPartitionHostedZoneIdMap"
          }
        ],
        "/incub-gva-web/Exports/Output{\"Ref\":\"WebWebBucketAF209868\"}": [
          {
            "type": "aws:cdk:logicalId",
            "data": "ExportsOutputRefWebWebBucketAF209868DA1CE065"
          }
        ],
        "/incub-gva-web/Exports/Output{\"Ref\":\"WebDistributionCFDistributionE67D88CA\"}": [
          {
            "type": "aws:cdk:logicalId",
            "data": "ExportsOutputRefWebDistributionCFDistributionE67D88CAD4DDDA0B"
          }
        ]
      }
    },
    "incub-gva-worker.assets": {
      "type": "cdk:asset-manifest",
      "properties": {
        "file": "incub-gva-worker.assets.json",
        "requiresBootstrapStackVersion": 4
      }
    },
    "incub-gva-worker": {
      "type": "aws:cloudformation:stack",
      "environment": "aws://001112238813/eu-west-1",
      "properties": {
        "templateFile": "incub-gva-worker.template.json",
        "assumeRoleArn": "arn:${AWS::Partition}:iam::001112238813:role/cdk-hnb659fds-deploy-role-001112238813-eu-west-1",
        "cloudFormationExecutionRoleArn": "arn:${AWS::Partition}:iam::001112238813:role/cdk-hnb659fds-cfn-exec-role-001112238813-eu-west-1",
        "stackTemplateAssetObjectUrl": "s3://cdk-hnb659fds-assets-001112238813-eu-west-1/caf8347d59968eb958706ea237a29d1afdf6b1eb6dcd7dc738e04717677d35ca",
        "requiresBootstrapStackVersion": 4
      },
      "dependencies": [
        "incub-gva-web",
        "incub-gva-worker.assets"
      ],
      "metadata": {
        "/incub-gva-worker": [
          {
            "type": "aws:cdk:stack-tags",
            "data": [
              {
                "Key": "Project",
                "Value": "git-visualized-activity"
              },
              {
                "Key": "SourceRepo",
                "Value": "github/capraconsulting/git-visualized-activity-infra"
              },
              {
                "Key": "StackName",
                "Value": "incub-gva-worker"
              }
            ]
          }
        ],
        "/incub-gva-worker/BootstrapVersion": [
          {
            "type": "aws:cdk:logicalId",
            "data": "BootstrapVersion"
          }
        ],
        "/incub-gva-worker/CheckBootstrapVersion": [
          {
            "type": "aws:cdk:logicalId",
            "data": "CheckBootstrapVersion"
          }
        ],
        "/incub-gva-worker/Cluster/Resource": [
          {
            "type": "aws:cdk:logicalId",
            "data": "ClusterEB0386A7"
          }
        ],
        "/incub-gva-worker/LogGroup/Resource": [
          {
            "type": "aws:cdk:logicalId",
            "data": "LogGroupF5B46931"
          }
        ],
        "/incub-gva-worker/TaskDef/TaskRole/Resource": [
          {
            "type": "aws:cdk:logicalId",
            "data": "TaskDefTaskRole1EDB4A67"
          }
        ],
        "/incub-gva-worker/TaskDef/TaskRole/DefaultPolicy/Resource": [
          {
            "type": "aws:cdk:logicalId",
            "data": "TaskDefTaskRoleDefaultPolicyA592CB18"
          }
        ],
        "/incub-gva-worker/TaskDef/Resource": [
          {
            "type": "aws:cdk:logicalId",
            "data": "TaskDef54694570"
          }
        ],
        "/incub-gva-worker/TaskDef/ExecutionRole/Resource": [
          {
            "type": "aws:cdk:logicalId",
            "data": "TaskDefExecutionRoleB4775C97"
          }
        ],
        "/incub-gva-worker/TaskDef/ExecutionRole/DefaultPolicy/Resource": [
          {
            "type": "aws:cdk:logicalId",
            "data": "TaskDefExecutionRoleDefaultPolicy0DBB737A"
          }
        ],
        "/incub-gva-worker/SecurityGroup/Resource": [
          {
            "type": "aws:cdk:logicalId",
            "data": "SecurityGroupDD263621"
          }
        ],
        "/incub-gva-worker/Launcher/ServiceRole/Resource": [
          {
            "type": "aws:cdk:logicalId",
            "data": "LauncherServiceRoleBD2C652A"
          }
        ],
        "/incub-gva-worker/Launcher/ServiceRole/DefaultPolicy/Resource": [
          {
            "type": "aws:cdk:logicalId",
            "data": "LauncherServiceRoleDefaultPolicy66697DD3"
          }
        ],
        "/incub-gva-worker/Launcher/Resource": [
          {
            "type": "aws:cdk:logicalId",
            "data": "LauncherDC0405AA"
          }
        ],
        "/incub-gva-worker/Launcher/AllowEventRuleincubgvaworkerScheduleRuleDD9C9CBA": [
          {
            "type": "aws:cdk:logicalId",
            "data": "LauncherAllowEventRuleincubgvaworkerScheduleRuleDD9C9CBA6BA31D14"
          }
        ],
        "/incub-gva-worker/LauncherParam/Resource": [
          {
            "type": "aws:cdk:logicalId",
            "data": "LauncherParamACA93A7A"
          }
        ],
        "/incub-gva-worker/LauncherArn": [
          {
            "type": "aws:cdk:logicalId",
            "data": "LauncherArn"
          }
        ],
        "/incub-gva-worker/ScheduleRule/Resource": [
          {
            "type": "aws:cdk:logicalId",
            "data": "ScheduleRuleDA5BD877"
          }
        ]
      }
    }
  },
  "runtime": {}
}