{
  "version": "5.0.0",
  "files": {
    "c94f0f77645d73668bfe71c10723ca163ef04ad121da2d1e53ae603e17b7da00": {
      "source": {
        "path": "incubgvapipelineIncubatorincubgvaworker2DCD06D8.template.json",
        "packaging": "file"
      },
      "destinations": {
        "001112238813-eu-west-1": {
          "bucketName": "cdk-hnb659fds-assets-001112238813-eu-west-1",
          "objectKey": "c94f0f77645d73668bfe71c10723ca163ef04ad121da2d1e53ae603e17b7da00",
          "region": "eu-west-1",
          "assumeRoleArn": "arn:${AWS::Partition}:iam::001112238813:role/cdk-hnb659fds-file-publishing-role-001112238813-eu-west-1"
        }
      }
    }
  },
  "dockerImages": {
    "d2fe62d038a2fd22e679c219b75bfe2e7a7042a9ae67ca05e654096bf6ae2f6d": {
      "source": {
        "directory": "asset.d2fe62d038a2fd22e679c219b75bfe2e7a7042a9ae67ca05e654096bf6ae2f6d"
      },
      "destinations": {
        "001112238813-eu-west-1": {
          "repositoryName": "cdk-hnb659fds-container-assets-001112238813-eu-west-1",
          "imageTag": "d2fe62d038a2fd22e679c219b75bfe2e7a7042a9ae67ca05e654096bf6ae2f6d",
          "region": "eu-west-1",
          "assumeRoleArn": "arn:${AWS::Partition}:iam::001112238813:role/cdk-hnb659fds-image-publishing-role-001112238813-eu-west-1"
        }
      }
    }
  }
}