{
  "version": "6.0.0",
  "files": {
    "7f48f14a58aa5240ae051c3e1369905aba8b054e02aecb8e52c28a3202648d49": {
      "source": {
        "path": "asset.7f48f14a58aa5240ae051c3e1369905aba8b054e02aecb8e52c28a3202648d49",
        "packaging": "zip"
      },
      "destinations": {
        "001112238813-us-east-1": {
          "bucketName": "cdk-hnb659fds-assets-001112238813-us-east-1",
          "objectKey": "7f48f14a58aa5240ae051c3e1369905aba8b054e02aecb8e52c28a3202648d49.zip",
          "region": "us-east-1",
          "assumeRoleArn": "arn:${AWS::Partition}:iam::001112238813:role/cdk-hnb659fds-file-publishing-role-001112238813-us-east-1"
        }
      }
    },
    "4a3609ad912843e581892f37ae9d6fb0fa1648b547693aaa562b0119452b8956": {
      "source": {
        "path": "asset.4a3609ad912843e581892f37ae9d6fb0fa1648b547693aaa562b0119452b8956",
        "packaging": "zip"
      },
      "destinations": {
        "001112238813-us-east-1": {
          "bucketName": "cdk-hnb659fds-assets-001112238813-us-east-1",
          "objectKey": "4a3609ad912843e581892f37ae9d6fb0fa1648b547693aaa562b0119452b8956.zip",
          "region": "us-east-1",
          "assumeRoleArn": "arn:${AWS::Partition}:iam::001112238813:role/cdk-hnb659fds-file-publishing-role-001112238813-us-east-1"
        }
      }
    },
    "6d74c6fc03fe7ad29cab4dfc06edfc0515a725d48f8be83e9cdad65a30490b5d": {
      "source": {
        "path": "asset.6d74c6fc03fe7ad29cab4dfc06edfc0515a725d48f8be83e9cdad65a30490b5d",
        "packaging": "zip"
      },
      "destinations": {
        "001112238813-us-east-1": {
          "bucketName": "cdk-hnb659fds-assets-001112238813-us-east-1",
          "objectKey": "6d74c6fc03fe7ad29cab4dfc06edfc0515a725d48f8be83e9cdad65a30490b5d.zip",
          "region": "us-east-1",
          "assumeRoleArn": "arn:${AWS::Partition}:iam::001112238813:role/cdk-hnb659fds-file-publishing-role-001112238813-us-east-1"
        }
      }
    },
    "40e826704907385951fad576ee477e4bcd0138e6895813d428a31df833a2e196": {
      "source": {
        "path": "asset.40e826704907385951fad576ee477e4bcd0138e6895813d428a31df833a2e196",
        "packaging": "zip"
      },
      "destinations": {
        "001112238813-us-east-1": {
          "bucketName": "cdk-hnb659fds-assets-001112238813-us-east-1",
          "objectKey": "40e826704907385951fad576ee477e4bcd0138e6895813d428a31df833a2e196.zip",
          "region": "us-east-1",
          "assumeRoleArn": "arn:${AWS::Partition}:iam::001112238813:role/cdk-hnb659fds-file-publishing-role-001112238813-us-east-1"
        }
      }
    },
    "b73e828ac895285dd9a73ac40dc8b266d65f21753591e8c14301868d71b60ace": {
      "source": {
        "path": "asset.b73e828ac895285dd9a73ac40dc8b266d65f21753591e8c14301868d71b60ace",
        "packaging": "zip"
      },
      "destinations": {
        "001112238813-us-east-1": {
          "bucketName": "cdk-hnb659fds-assets-001112238813-us-east-1",
          "objectKey": "b73e828ac895285dd9a73ac40dc8b266d65f21753591e8c14301868d71b60ace.zip",
          "region": "us-east-1",
          "assumeRoleArn": "arn:${AWS::Partition}:iam::001112238813:role/cdk-hnb659fds-file-publishing-role-001112238813-us-east-1"
        }
      }
    },
    "288225f50c4e2715d74d2d3161d9b35cf8a18371e2bf2ee269eecadface2ee02": {
      "source": {
        "path": "asset.288225f50c4e2715d74d2d3161d9b35cf8a18371e2bf2ee269eecadface2ee02",
        "packaging": "zip"
      },
      "destinations": {
        "001112238813-us-east-1": {
          "bucketName": "cdk-hnb659fds-assets-001112238813-us-east-1",
          "objectKey": "288225f50c4e2715d74d2d3161d9b35cf8a18371e2bf2ee269eecadface2ee02.zip",
          "region": "us-east-1",
          "assumeRoleArn": "arn:${AWS::Partition}:iam::001112238813:role/cdk-hnb659fds-file-publishing-role-001112238813-us-east-1"
        }
      }
    },
    "b42b521a05c95acb3a668cc480e314e8a265e3176d5105b9350f5a4a5a098351": {
      "source": {
        "path": "incubgvapipelineIncubatorincubgvawebedge823FE13E.template.json",
        "packaging": "file"
      },
      "destinations": {
        "001112238813-us-east-1": {
          "bucketName": "cdk-hnb659fds-assets-001112238813-us-east-1",
          "objectKey": "b42b521a05c95acb3a668cc480e314e8a265e3176d5105b9350f5a4a5a098351",
          "region": "us-east-1",
          "assumeRoleArn": "arn:${AWS::Partition}:iam::001112238813:role/cdk-hnb659fds-file-publishing-role-001112238813-us-east-1"
        }
      }
    }
  },
  "dockerImages": {}
}