{
  "version": "6.0.0",
  "files": {
    "7bc2a2bcdbdc475b968897f99ba7e3c6c3236958ec81c9b5e42807ce9cc9181a": {
      "source": {
        "path": "asset.7bc2a2bcdbdc475b968897f99ba7e3c6c3236958ec81c9b5e42807ce9cc9181a",
        "packaging": "zip"
      },
      "destinations": {
        "001112238813-eu-west-1": {
          "bucketName": "cdk-hnb659fds-assets-001112238813-eu-west-1",
          "objectKey": "7bc2a2bcdbdc475b968897f99ba7e3c6c3236958ec81c9b5e42807ce9cc9181a.zip",
          "region": "eu-west-1",
          "assumeRoleArn": "arn:${AWS::Partition}:iam::001112238813:role/cdk-hnb659fds-file-publishing-role-001112238813-eu-west-1"
        }
      }
    },
    "c691172cdeefa2c91b5a2907f9d81118e47597634943344795f1a844192dd49c": {
      "source": {
        "path": "asset.c691172cdeefa2c91b5a2907f9d81118e47597634943344795f1a844192dd49c",
        "packaging": "zip"
      },
      "destinations": {
        "001112238813-eu-west-1": {
          "bucketName": "cdk-hnb659fds-assets-001112238813-eu-west-1",
          "objectKey": "c691172cdeefa2c91b5a2907f9d81118e47597634943344795f1a844192dd49c.zip",
          "region": "eu-west-1",
          "assumeRoleArn": "arn:${AWS::Partition}:iam::001112238813:role/cdk-hnb659fds-file-publishing-role-001112238813-eu-west-1"
        }
      }
    },
    "4a3609ad912843e581892f37ae9d6fb0fa1648b547693aaa562b0119452b8956": {
      "source": {
        "path": "asset.4a3609ad912843e581892f37ae9d6fb0fa1648b547693aaa562b0119452b8956",
        "packaging": "zip"
      },
      "destinations": {
        "001112238813-eu-west-1": {
          "bucketName": "cdk-hnb659fds-assets-001112238813-eu-west-1",
          "objectKey": "4a3609ad912843e581892f37ae9d6fb0fa1648b547693aaa562b0119452b8956.zip",
          "region": "eu-west-1",
          "assumeRoleArn": "arn:${AWS::Partition}:iam::001112238813:role/cdk-hnb659fds-file-publishing-role-001112238813-eu-west-1"
        }
      }
    },
    "c84ca829140995fbde780b0f0a0a132ea78b00b07c955ff03eb3fdd108530dcf": {
      "source": {
        "path": "asset.c84ca829140995fbde780b0f0a0a132ea78b00b07c955ff03eb3fdd108530dcf",
        "packaging": "zip"
      },
      "destinations": {
        "001112238813-eu-west-1": {
          "bucketName": "cdk-hnb659fds-assets-001112238813-eu-west-1",
          "objectKey": "c84ca829140995fbde780b0f0a0a132ea78b00b07c955ff03eb3fdd108530dcf.zip",
          "region": "eu-west-1",
          "assumeRoleArn": "arn:${AWS::Partition}:iam::001112238813:role/cdk-hnb659fds-file-publishing-role-001112238813-eu-west-1"
        }
      }
    },
    "a031e508958938f8422daeeac500bb201eeaadb51e930882c6f34a3f5ec44c87": {
      "source": {
        "path": "asset.a031e508958938f8422daeeac500bb201eeaadb51e930882c6f34a3f5ec44c87",
        "packaging": "zip"
      },
      "destinations": {
        "001112238813-eu-west-1": {
          "bucketName": "cdk-hnb659fds-assets-001112238813-eu-west-1",
          "objectKey": "a031e508958938f8422daeeac500bb201eeaadb51e930882c6f34a3f5ec44c87.zip",
          "region": "eu-west-1",
          "assumeRoleArn": "arn:${AWS::Partition}:iam::001112238813:role/cdk-hnb659fds-file-publishing-role-001112238813-eu-west-1"
        }
      }
    },
    "e102277115e4e7af78b536b834dce3a2087aad3aeaebc7ca6776b9603f8a655b": {
      "source": {
        "path": "incubgvapipelineIncubatorincubgvaweb8951F403.template.json",
        "packaging": "file"
      },
      "destinations": {
        "001112238813-eu-west-1": {
          "bucketName": "cdk-hnb659fds-assets-001112238813-eu-west-1",
          "objectKey": "e102277115e4e7af78b536b834dce3a2087aad3aeaebc7ca6776b9603f8a655b",
          "region": "eu-west-1",
          "assumeRoleArn": "arn:${AWS::Partition}:iam::001112238813:role/cdk-hnb659fds-file-publishing-role-001112238813-eu-west-1"
        }
      }
    }
  },
  "dockerImages": {}
}