{
  "Tags": {
    "Project": "git-visualized-activity",
    "SourceRepo": "github/capraconsulting/git-visualized-activity",
    "StackName": "incub-gva-worker"
  }
}